
Allocating common symbols
Common symbol       size              file

SaveRState          0x2               build\bsp\maple\libmaple\usb\stm32f1\usb.o
rt_interrupt_to_thread
                    0x4               build\kernel\libcpu\arm\cortex-m3\cpuport.o
rt_interrupt_from_thread
                    0x4               build\kernel\libcpu\arm\cortex-m3\cpuport.o
SaveState           0x2               build\bsp\maple\libmaple\usb\usb_lib\usb_init.o
shell               0x4               build\kernel\components\finsh\shell.o
rt_thread_switch_interrupt_flag
                    0x4               build\kernel\libcpu\arm\cortex-m3\cpuport.o
pProperty           0x4               build\bsp\maple\libmaple\usb\usb_lib\usb_init.o
EPindex             0x1               build\bsp\maple\libmaple\usb\usb_lib\usb_init.o
rt_thread_priority_table
                    0x40              build\kernel\src\scheduler.o
rt_object_put_hook  0x4               build\kernel\src\object.o
SaveTState          0x2               build\bsp\maple\libmaple\usb\stm32f1\usb.o
systick_uptime_millis
                    0x4               build\bsp\maple\libmaple\systick.o
Device_Info         0x1c              build\bsp\maple\libmaple\usb\usb_lib\usb_init.o
rt_current_priority
                    0x1               build\kernel\src\scheduler.o
pUser_Standard_Requests
                    0x4               build\bsp\maple\libmaple\usb\usb_lib\usb_init.o
StatusInfo          0x2               build\bsp\maple\libmaple\usb\usb_lib\usb_core.o
pInformation        0x4               build\bsp\maple\libmaple\usb\usb_lib\usb_init.o
ResumeS             0x2               build\bsp\maple\libmaple\usb\stm32f1\usb.o
rt_assert_hook      0x4               build\kernel\src\kservice.o
rt_interrupt_nest   0x1               build\kernel\src\irq.o
rt_object_take_hook
                    0x4               build\kernel\src\object.o
rt_current_thread   0x4               build\kernel\src\scheduler.o
rt_thread_ready_priority_group
                    0x4               build\kernel\src\scheduler.o
rt_thread_defunct   0x8               build\kernel\src\scheduler.o
rt_object_trytake_hook
                    0x4               build\kernel\src\object.o
wInterrupt_Mask     0x2               build\bsp\maple\libmaple\usb\usb_lib\usb_init.o

Discarded input sections

 .text          0x00000000        0x0 build\bsp\applications\application.o
 .data          0x00000000        0x0 build\bsp\applications\application.o
 .bss           0x00000000        0x0 build\bsp\applications\application.o
 .text          0x00000000        0x0 build\bsp\applications\startup.o
 .data          0x00000000        0x0 build\bsp\applications\startup.o
 .bss           0x00000000        0x0 build\bsp\applications\startup.o
 .text.assert_failed
                0x00000000       0x2c build\bsp\applications\startup.o
 .text.rtthread_startup
                0x00000000       0x3c build\bsp\applications\startup.o
 .rodata.str1.4
                0x00000000       0x50 build\bsp\applications\startup.o
 .text          0x00000000        0x0 build\bsp\drivers\board.o
 .data          0x00000000        0x0 build\bsp\drivers\board.o
 .bss           0x00000000        0x0 build\bsp\drivers\board.o
 .text.NVIC_Configuration
                0x00000000        0xc build\bsp\drivers\board.o
 .text          0x00000000        0x0 build\bsp\drivers\platform.o
 .data          0x00000000        0x0 build\bsp\drivers\platform.o
 .bss           0x00000000        0x0 build\bsp\drivers\platform.o
 .text          0x00000000        0x0 build\bsp\drivers\spi_bridge.o
 .data          0x00000000        0x0 build\bsp\drivers\spi_bridge.o
 .bss           0x00000000        0x0 build\bsp\drivers\spi_bridge.o
 .text          0x00000000        0x0 build\bsp\drivers\Led16x16TM1640Driver.o
 .data          0x00000000        0x0 build\bsp\drivers\Led16x16TM1640Driver.o
 .bss           0x00000000        0x0 build\bsp\drivers\Led16x16TM1640Driver.o
 .text.Led16x16PortInit
                0x00000000       0x38 build\bsp\drivers\Led16x16TM1640Driver.o
 .text.DispAllheng
                0x00000000      0x8e4 build\bsp\drivers\Led16x16TM1640Driver.o
 .text.DispAllshu1
                0x00000000      0x914 build\bsp\drivers\Led16x16TM1640Driver.o
 .bss.DelayCnt.6039
                0x00000000        0x2 build\bsp\drivers\Led16x16TM1640Driver.o
 .bss.DelayCnt.5941
                0x00000000        0x2 build\bsp\drivers\Led16x16TM1640Driver.o
 .bss.index.5940
                0x00000000        0x1 build\bsp\drivers\Led16x16TM1640Driver.o
 .bss.index.6038
                0x00000000        0x1 build\bsp\drivers\Led16x16TM1640Driver.o
 .rodata.hz_heng
                0x00000000      0x100 build\bsp\drivers\Led16x16TM1640Driver.o
 .text          0x00000000        0x0 build\bsp\Libraries\CMSIS\CM3\DeviceSupport\ST\STM32F10x\system_stm32f10x.o
[...]
Memory Configuration

Name             Origin             Length             Attributes
CODE             0x08001000         0x0000f000         xr
DATA             0x20000800         0x00004800         rw
*default*        0x00000000         0xffffffff

Linker script and memory map

LOAD build\bsp\applications\application.o
LOAD build\bsp\applications\startup.o
LOAD build\bsp\drivers\board.o
LOAD build\bsp\drivers\platform.o
LOAD build\bsp\drivers\spi_bridge.o
LOAD build\bsp\drivers\Led16x16TM1640Driver.o
LOAD build\bsp\Libraries\CMSIS\CM3\DeviceSupport\ST\STM32F10x\system_stm32f10x.o
LOAD build\bsp\Libraries\CMSIS\CM3\DeviceSupport\ST\STM32F10x\startup\gcc_ride7\startup_stm32f10x_md.o
LOAD Libraries\CMSIS\CM3\CoreSupport\core_cm3.o
LOAD build\bsp\maple\libmaple\adc.o
LOAD build\bsp\maple\libmaple\dac.o
LOAD build\bsp\maple\libmaple\dma.o
LOAD build\bsp\maple\libmaple\exti.o
LOAD build\bsp\maple\libmaple\flash.o
LOAD build\bsp\maple\libmaple\gpio.o
LOAD build\bsp\maple\libmaple\i2c.o
LOAD build\bsp\maple\libmaple\iwdg.o
LOAD build\bsp\maple\libmaple\nvic.o
LOAD build\bsp\maple\libmaple\pwr.o
LOAD build\bsp\maple\libmaple\rcc.o
LOAD build\bsp\maple\libmaple\spi.o
LOAD build\bsp\maple\libmaple\systick.o
LOAD build\bsp\maple\libmaple\timer.o
LOAD build\bsp\maple\libmaple\usart.o
LOAD build\bsp\maple\libmaple\usart_private.o
LOAD build\bsp\maple\libmaple\util.o
LOAD build\bsp\maple\libmaple\stm32f1\adc.o
LOAD build\bsp\maple\libmaple\stm32f1\bkp.o
LOAD build\bsp\maple\libmaple\stm32f1\dma.o
LOAD build\bsp\maple\libmaple\stm32f1\exti.o
LOAD build\bsp\maple\libmaple\stm32f1\fsmc.o
LOAD build\bsp\maple\libmaple\stm32f1\gpio.o
LOAD build\bsp\maple\libmaple\stm32f1\i2c.o
LOAD build\bsp\maple\libmaple\stm32f1\rcc.o
LOAD build\bsp\maple\libmaple\stm32f1\spi.o
LOAD build\bsp\maple\libmaple\stm32f1\timer.o
LOAD build\bsp\maple\libmaple\stm32f1\usart.o
LOAD build\bsp\maple\libmaple\usb\stm32f1\usb.o
LOAD build\bsp\maple\libmaple\usb\stm32f1\usb_cdcacm.o
LOAD build\bsp\maple\libmaple\usb\stm32f1\usb_reg_map.o
LOAD build\bsp\maple\libmaple\usb\usb_lib\usb_core.o
LOAD build\bsp\maple\libmaple\usb\usb_lib\usb_init.o
LOAD build\bsp\maple\libmaple\usb\usb_lib\usb_mem.o
LOAD build\bsp\maple\libmaple\usb\usb_lib\usb_regs.o
LOAD build\bsp\maple\wirish\HardwareSPI.o
LOAD build\bsp\maple\wirish\HardwareSerial.o
LOAD build\bsp\maple\wirish\HardwareTimer.o
LOAD build\bsp\maple\wirish\Print.o
LOAD build\bsp\maple\wirish\boards.o
LOAD build\bsp\maple\wirish\ext_interrupts.o
LOAD build\bsp\maple\wirish\pwm.o
LOAD build\bsp\maple\wirish\usb_serial.o
LOAD build\bsp\maple\wirish\wirish_analog.o
LOAD build\bsp\maple\wirish\wirish_digital.o
LOAD build\bsp\maple\wirish\wirish_math.o
LOAD build\bsp\maple\wirish\wirish_shift.o
LOAD build\bsp\maple\wirish\wirish_time.o
LOAD maple\wirish\boards\wrtnode2\board.o
LOAD build\bsp\maple\wirish\stm32f1\boards_setup.o
LOAD build\bsp\maple\wirish\stm32f1\wirish_debug.o
LOAD build\bsp\maple\wirish\stm32f1\wirish_digital.o
LOAD build\bsp\maple\wirishC\HardwareSPI.o
LOAD build\bsp\maple\wirishC\HardwareSerial.o
LOAD build\bsp\maple\wirishC\HardwareTimer.o
LOAD build\kernel\src\clock.o
LOAD build\kernel\src\components.o
LOAD build\kernel\src\device.o
LOAD build\kernel\src\idle.o
LOAD build\kernel\src\ipc.o
LOAD build\kernel\src\irq.o
LOAD build\kernel\src\kservice.o
LOAD build\kernel\src\mem.o
LOAD build\kernel\src\mempool.o
LOAD build\kernel\src\object.o
LOAD build\kernel\src\scheduler.o
LOAD build\kernel\src\thread.o
LOAD build\kernel\src\timer.o
LOAD build\kernel\libcpu\arm\cortex-m3\cpuport.o
LOAD build\kernel\libcpu\arm\cortex-m3\context_gcc.o
LOAD build\kernel\libcpu\arm\common\backtrace.o
LOAD build\kernel\libcpu\arm\common\div0.o
LOAD build\kernel\libcpu\arm\common\showmem.o
LOAD build\kernel\components\cplusplus\crt.o
LOAD build\kernel\components\cplusplus\crt_init.o
LOAD build\kernel\components\drivers\src\completion.o
LOAD build\kernel\components\drivers\src\dataqueue.o
LOAD build\kernel\components\drivers\src\pipe.o
LOAD build\kernel\components\drivers\src\portal.o
LOAD build\kernel\components\drivers\src\ringbuffer.o
LOAD build\kernel\components\drivers\src\workqueue.o
LOAD build\kernel\components\finsh\shell.o
LOAD build\kernel\components\finsh\symbol.o
LOAD build\kernel\components\finsh\cmd.o
LOAD build\kernel\components\finsh\msh.o
LOAD build\kernel\components\finsh\msh_cmd.o
LOAD build\kernel\components\finsh\msh_file.o
LOAD build\kernel\components\libc\minilibc\ctype.o
LOAD build\kernel\components\libc\minilibc\math.o
LOAD build\kernel\components\libc\minilibc\qsort.o
LOAD build\kernel\components\libc\minilibc\rand.o
LOAD build\kernel\components\libc\minilibc\stdlib.o
LOAD build\kernel\components\libc\minilibc\string.o
LOAD build\kernel\components\libc\minilibc\time.o
                0x00000c00                _system_stack_size = 0xc00

.text           0x08001000     0xb1d4
                0x08001000                . = ALIGN (0x4)
                0x08001000                _stext = .
 *(.isr_vector)
 .isr_vector    0x08001000      0x10c build\bsp\Libraries\CMSIS\CM3\DeviceSupport\ST\STM32F10x\startup\gcc_ride7\startup_stm32f10x_md.o
                0x08001000                g_pfnVectors
                0x0800110c                . = ALIGN (0x4)
 *(.text)
 .text          0x0800110c       0xf8 build\kernel\libcpu\arm\cortex-m3\context_gcc.o
                0x0800110c                rt_hw_interrupt_disable
                0x08001114                rt_hw_interrupt_enable
                0x0800111a                rt_hw_context_switch_interrupt
                0x0800111a                rt_hw_context_switch
                0x08001138                PendSV_Handler
                0x08001174                rt_hw_context_switch_to
                0x080011aa                rt_hw_interrupt_thread_switch
                0x080011ae                HardFault_Handler
                0x080011de                rt_hw_interrupt_check
 *(.text.*)
 .text.cmd_reset
                0x08001204       0x34 build\bsp\applications\application.o
                0x08001204                cmd_reset
 .text.cmd_digitalWrite
                0x08001238       0x40 build\bsp\applications\application.o
                0x08001238                cmd_digitalWrite
 .text.cmd_pinMode
                0x08001278       0x40 build\bsp\applications\application.o
                0x08001278                cmd_pinMode
 .text.cmd_digitalRead
                0x080012b8       0x38 build\bsp\applications\application.o
                0x080012b8                cmd_digitalRead
 .text.disp_thread_entry
                0x080012f0       0x14 build\bsp\applications\application.o
 .text.rt_init_thread_entry
                0x08001304       0x40 build\bsp\applications\application.o
                0x08001304                rt_init_thread_entry
 .text.rt_application_init
                0x08001344       0x54 build\bsp\applications\application.o
                0x08001344                rt_application_init
 .text.main     0x08001398       0x44 build\bsp\applications\startup.o
                0x08001398                main
 .text.SysTick_Handler
                0x080013dc       0x14 build\bsp\drivers\board.o
                0x080013dc                SysTick_Handler
 .text.rt_hw_board_init
                0x080013f0       0x20 build\bsp\drivers\board.o
                0x080013f0                rt_hw_board_init
 .text.rt_platform_init
                0x08001410        0xc build\bsp\drivers\platform.o
                0x08001410                rt_platform_init
 .text.wrtnode2r_spi_bridge_write
                0x0800141c       0x10 build\bsp\drivers\spi_bridge.o
 .text.wrtnode2r_spi_bridge_read
                0x0800142c       0x10 build\bsp\drivers\spi_bridge.o
 .text.wrtnode2r_spi_bridge_open
                0x0800143c       0x4c build\bsp\drivers\spi_bridge.o
 .text.wrtnode2r_spi_bridge_init
                0x08001488       0x3c build\bsp\drivers\spi_bridge.o
                0x08001488                wrtnode2r_spi_bridge_init
 .text.SPI1_IRQHandler
                0x080014c4      0x1c8 build\bsp\drivers\spi_bridge.o
                0x080014c4                SPI1_IRQHandler
 .text.get_led_speed
                0x0800168c       0x14 build\bsp\drivers\Led16x16TM1640Driver.o
                0x0800168c                get_led_speed
 .text.get_led_move_step
                0x080016a0       0x14 build\bsp\drivers\Led16x16TM1640Driver.o
                0x080016a0                get_led_move_step
 .text.DispConctrl
                0x080016b4       0xb8 build\bsp\drivers\Led16x16TM1640Driver.o
                0x080016b4                DispConctrl
 .text.set_led_speed
                0x0800176c       0x70 build\bsp\drivers\Led16x16TM1640Driver.o
                0x0800176c                set_led_speed
 .text.set_led_move_step
                0x080017dc       0x40 build\bsp\drivers\Led16x16TM1640Driver.o
                0x080017dc                set_led_move_step
 .text.DispRamGreen16x16_shuMoveLeft
                0x0800181c      0x4b8 build\bsp\drivers\Led16x16TM1640Driver.o
                0x0800181c                DispRamGreen16x16_shuMoveLeft
 .text.DispRamRed16x16_shuMoveLeft
                0x08001cd4      0x4b8 build\bsp\drivers\Led16x16TM1640Driver.o
                0x08001cd4                DispRamRed16x16_shuMoveLeft
 .text.DispAllshu
                0x0800218c      0x288 build\bsp\drivers\Led16x16TM1640Driver.o
                0x0800218c                DispAllshu
 .text.TM1640DisplayProcess1
                0x08002414      0x674 build\bsp\drivers\Led16x16TM1640Driver.o
                0x08002414                TM1640DisplayProcess1
 .text.TM1640DisplayProcess2
                0x08002a88      0x674 build\bsp\drivers\Led16x16TM1640Driver.o
                0x08002a88                TM1640DisplayProcess2
 .text.TM1640DisplayProcess3
                0x080030fc      0x674 build\bsp\drivers\Led16x16TM1640Driver.o
                0x080030fc                TM1640DisplayProcess3
 .text.TM1640DisplayProcess4
                0x08003770      0x674 build\bsp\drivers\Led16x16TM1640Driver.o
                0x08003770                TM1640DisplayProcess4
 .text.cmd_disp16x16
                0x08003de4      0x130 build\bsp\drivers\Led16x16TM1640Driver.o
                0x08003de4                cmd_disp16x16
 .text.Disp16x16All
                0x08003f14       0x8c build\bsp\drivers\Led16x16TM1640Driver.o
                0x08003f14                Disp16x16All
 .text.SystemInit
                0x08003fa0      0x110 build\bsp\Libraries\CMSIS\CM3\DeviceSupport\ST\STM32F10x\system_stm32f10x.o
                0x08003fa0                SystemInit
 .text.Reset_Handler
                0x080040b0       0x44 build\bsp\Libraries\CMSIS\CM3\DeviceSupport\ST\STM32F10x\startup\gcc_ride7\startup_stm32f10x_md.o
                0x080040b0                Reset_Handler
 .text.Default_Handler
                0x080040f4        0x2 build\bsp\Libraries\CMSIS\CM3\DeviceSupport\ST\STM32F10x\startup\gcc_ride7\startup_stm32f10x_md.o
                0x080040f4                EXTI2_IRQHandler
                0x080040f4                DebugMon_Handler
                0x080040f4                TIM1_CC_IRQHandler
                0x080040f4                PVD_IRQHandler
                0x080040f4                NMI_Handler
                0x080040f4                EXTI3_IRQHandler
                0x080040f4                EXTI0_IRQHandler
                0x080040f4                I2C2_EV_IRQHandler
                0x080040f4                UsageFault_Handler
                0x080040f4                ADC1_2_IRQHandler
                0x080040f4                TAMPER_IRQHandler
                0x080040f4                DMA1_Channel4_IRQHandler
                0x080040f4                RTC_IRQHandler
                0x080040f4                DMA1_Channel7_IRQHandler
                0x080040f4                CAN1_RX1_IRQHandler
                0x080040f4                TIM4_IRQHandler
                0x080040f4                I2C1_EV_IRQHandler
                0x080040f4                DMA1_Channel6_IRQHandler
                0x080040f4                TIM3_IRQHandler
                0x080040f4                RCC_IRQHandler
                0x080040f4                TIM1_TRG_COM_IRQHandler
                0x080040f4                DMA1_Channel1_IRQHandler
                0x080040f4                Default_Handler
                0x080040f4                EXTI15_10_IRQHandler
                0x080040f4                EXTI9_5_IRQHandler
                0x080040f4                SPI2_IRQHandler
                0x080040f4                MemManage_Handler
                0x080040f4                SVC_Handler
                0x080040f4                DMA1_Channel5_IRQHandler
                0x080040f4                EXTI4_IRQHandler
                0x080040f4                USB_LP_CAN1_RX0_IRQHandler
                0x080040f4                USB_HP_CAN1_TX_IRQHandler
                0x080040f4                DMA1_Channel3_IRQHandler
                0x080040f4                TIM1_UP_IRQHandler
                0x080040f4                WWDG_IRQHandler
                0x080040f4                TIM2_IRQHandler
                0x080040f4                TIM1_BRK_IRQHandler
                0x080040f4                EXTI1_IRQHandler
                0x080040f4                RTCAlarm_IRQHandler
                0x080040f4                I2C2_ER_IRQHandler
                0x080040f4                DMA1_Channel2_IRQHandler
                0x080040f4                CAN1_SCE_IRQHandler
                0x080040f4                FLASH_IRQHandler
                0x080040f4                BusFault_Handler
                0x080040f4                I2C1_ER_IRQHandler
                0x080040f4                USBWakeUp_IRQHandler
 *fill*         0x080040f6        0x2 00000000
 .text.__set_PSP
                0x080040f8        0x8 Libraries\CMSIS\CM3\CoreSupport\core_cm3.o
                0x080040f8                __set_PSP
 .text.__set_PRIMASK
                0x08004100        0x8 Libraries\CMSIS\CM3\CoreSupport\core_cm3.o
                0x08004100                __set_PRIMASK
 .text.adc_init
                0x08004108       0x14 build\bsp\maple\libmaple\adc.o
                0x08004108                adc_init
 .text.adc_set_extsel
                0x0800411c       0x10 build\bsp\maple\libmaple\adc.o
                0x0800411c                adc_set_extsel
 .text.adc_set_sample_rate
                0x0800412c       0x58 build\bsp\maple\libmaple\adc.o
                0x0800412c                adc_set_sample_rate
 .text.flash_set_latency
                0x08004184       0x14 build\bsp\maple\libmaple\flash.o
                0x08004184                flash_set_latency
 .text.gpio_init
                0x08004198       0x14 build\bsp\maple\libmaple\gpio.o
                0x08004198                gpio_init
 .text.nvic_init
                0x080041ac       0x7c build\bsp\maple\libmaple\nvic.o
                0x080041ac                nvic_init
 .text.rcc_dev_clk
                0x08004228        0xc build\bsp\maple\libmaple\rcc.o
                0x08004228                rcc_dev_clk
 .text.rcc_switch_sysclk
                0x08004234       0x20 build\bsp\maple\libmaple\rcc.o
                0x08004234                rcc_switch_sysclk
 .text.rcc_turn_on_clk
                0x08004254       0x1c build\bsp\maple\libmaple\rcc.o
                0x08004254                rcc_turn_on_clk
 .text.rcc_turn_off_clk
                0x08004270       0x1c build\bsp\maple\libmaple\rcc.o
                0x08004270                rcc_turn_off_clk
 .text.rcc_is_clk_on
                0x0800428c       0x20 build\bsp\maple\libmaple\rcc.o
                0x0800428c                rcc_is_clk_on
 .text.rcc_is_clk_ready
                0x080042ac       0x1c build\bsp\maple\libmaple\rcc.o
                0x080042ac                rcc_is_clk_ready
 .text.spi_init
                0x080042c8       0x2c build\bsp\maple\libmaple\spi.o
                0x080042c8                spi_init
 .text.spi_master_enable
                0x080042f4       0x68 build\bsp\maple\libmaple\spi.o
                0x080042f4                spi_master_enable
 .text.spi_slave_enable
                0x0800435c       0x5c build\bsp\maple\libmaple\spi.o
                0x0800435c                spi_slave_enable
 .text.spi_tx   0x080043b8      0x160 build\bsp\maple\libmaple\spi.o
                0x080043b8                spi_tx
 .text.spi_peripheral_disable
                0x08004518       0x10 build\bsp\maple\libmaple\spi.o
                0x08004518                spi_peripheral_disable
 .text.systick_init
                0x08004528       0x10 build\bsp\maple\libmaple\systick.o
                0x08004528                systick_init
 .text.timer_foreach
                0x08004538       0x30 build\bsp\maple\libmaple\timer.o
                0x08004538                timer_foreach
 .text.timer_init
                0x08004568       0x14 build\bsp\maple\libmaple\timer.o
                0x08004568                timer_init
 .text.timer_set_mode
                0x0800457c      0x11c build\bsp\maple\libmaple\timer.o
                0x0800457c                timer_set_mode
 .text.timer_has_cc_channel
                0x08004698       0x54 build\bsp\maple\libmaple\timer.o
                0x08004698                timer_has_cc_channel
 .text.usart_tx
                0x080046ec       0xa4 build\bsp\maple\libmaple\usart.o
                0x080046ec                usart_tx
 .text.usart_putudec
                0x08004790       0x58 build\bsp\maple\libmaple\usart.o
                0x08004790                usart_putudec
 .text._fail    0x080047e8      0x110 build\bsp\maple\libmaple\util.o
                0x080047e8                _fail
 .text.adc_set_prescaler
                0x080048f8        0x8 build\bsp\maple\libmaple\stm32f1\adc.o
                0x080048f8                adc_set_prescaler
 .text.adc_foreach
                0x08004900       0x1c build\bsp\maple\libmaple\stm32f1\adc.o
                0x08004900                adc_foreach
 .text.adc_enable_single_swstart
                0x0800491c       0x58 build\bsp\maple\libmaple\stm32f1\adc.o
                0x0800491c                adc_enable_single_swstart
 .text.gpio_init_all
                0x08004974       0x30 build\bsp\maple\libmaple\stm32f1\gpio.o
                0x08004974                gpio_init_all
 .text.gpio_set_mode
                0x080049a4       0x5c build\bsp\maple\libmaple\stm32f1\gpio.o
                0x080049a4                gpio_set_mode
 .text.afio_init
                0x08004a00       0x14 build\bsp\maple\libmaple\stm32f1\gpio.o
                0x08004a00                afio_init
 .text.rcc_configure_pll
                0x08004a14       0x38 build\bsp\maple\libmaple\stm32f1\rcc.o
                0x08004a14                rcc_configure_pll
 .text.rcc_clk_enable
                0x08004a4c       0x30 build\bsp\maple\libmaple\stm32f1\rcc.o
                0x08004a4c                rcc_clk_enable
 .text.rcc_reset_dev
                0x08004a7c       0x34 build\bsp\maple\libmaple\stm32f1\rcc.o
                0x08004a7c                rcc_reset_dev
 .text.rcc_set_prescaler
                0x08004ab0       0x24 build\bsp\maple\libmaple\stm32f1\rcc.o
                0x08004ab0                rcc_set_prescaler
 .text.spi_config_gpios
                0x08004ad4       0x6c build\bsp\maple\libmaple\stm32f1\spi.o
                0x08004ad4                spi_config_gpios
 .text.USART1_IRQHandler
                0x08004b40       0x74 build\bsp\maple\libmaple\stm32f1\usart.o
                0x08004b40                USART1_IRQHandler
 .text.USART2_IRQHandler
                0x08004bb4       0x74 build\bsp\maple\libmaple\stm32f1\usart.o
                0x08004bb4                USART2_IRQHandler
 .text.USART3_IRQHandler
                0x08004c28       0x74 build\bsp\maple\libmaple\stm32f1\usart.o
                0x08004c28                USART3_IRQHandler
 .text._ZL13enable_deviceP7spi_devb12SPIFrequency12spi_cfg_flag8spi_mode
                0x08004c9c      0x14c build\bsp\maple\wirish\HardwareSPI.o
 .text._ZN11HardwareSPIC2Ej
                0x08004de8       0x40 build\bsp\maple\wirish\HardwareSPI.o
                0x08004de8                HardwareSPI::HardwareSPI(unsigned int)
                0x08004de8                HardwareSPI::HardwareSPI(unsigned int)
 .text._ZN11HardwareSPI5beginE12SPIFrequencyjj
                0x08004e28       0x40 build\bsp\maple\wirish\HardwareSPI.o
                0x08004e28                HardwareSPI::begin(SPIFrequency, unsigned int, unsigned int)
 .text._ZN11HardwareSPI5beginEv
                0x08004e68       0x18 build\bsp\maple\wirish\HardwareSPI.o
                0x08004e68                HardwareSPI::begin()
 .text._ZN11HardwareSPI10beginSlaveEjj
                0x08004e80       0x3c build\bsp\maple\wirish\HardwareSPI.o
                0x08004e80                HardwareSPI::beginSlave(unsigned int, unsigned int)
 .text._ZN11HardwareSPI10beginSlaveEv
                0x08004ebc       0x18 build\bsp\maple\wirish\HardwareSPI.o
                0x08004ebc                HardwareSPI::beginSlave()
 .text._ZN11HardwareSPI3endEv
                0x08004ed4       0x44 build\bsp\maple\wirish\HardwareSPI.o
                0x08004ed4                HardwareSPI::end()
 .text._ZN11HardwareSPI4readEv
                0x08004f18       0x14 build\bsp\maple\wirish\HardwareSPI.o
                0x08004f18                HardwareSPI::read()
 .text._ZN11HardwareSPI4readEPhj
                0x08004f2c       0x20 build\bsp\maple\wirish\HardwareSPI.o
                0x08004f2c                HardwareSPI::read(unsigned char*, unsigned int)
 .text._ZN11HardwareSPI5writeEh
                0x08004f4c       0x20 build\bsp\maple\wirish\HardwareSPI.o
                0x08004f4c                HardwareSPI::write(unsigned char)
 .text._ZN11HardwareSPI5writeEPKhj
                0x08004f6c       0x20 build\bsp\maple\wirish\HardwareSPI.o
                0x08004f6c                HardwareSPI::write(unsigned char const*, unsigned int)
 .text._ZN11HardwareSPI8transferEh
                0x08004f8c       0x30 build\bsp\maple\wirish\HardwareSPI.o
                0x08004f8c                HardwareSPI::transfer(unsigned char)
 .text._ZN11HardwareSPI7misoPinEv
                0x08004fbc       0x1c build\bsp\maple\wirish\HardwareSPI.o
                0x08004fbc                HardwareSPI::misoPin()
 .text._ZN11HardwareSPI7mosiPinEv
                0x08004fd8       0x1c build\bsp\maple\wirish\HardwareSPI.o
                0x08004fd8                HardwareSPI::mosiPin()
 .text._ZN11HardwareSPI6sckPinEv
                0x08004ff4       0x1c build\bsp\maple\wirish\HardwareSPI.o
                0x08004ff4                HardwareSPI::sckPin()
 .text._ZN11HardwareSPI6nssPinEv
                0x08005010       0x1c build\bsp\maple\wirish\HardwareSPI.o
                0x08005010                HardwareSPI::nssPin()
 .text._ZN14HardwareSerial5writeEh
                0x0800502c       0x20 build\bsp\maple\wirish\HardwareSerial.o
                0x0800502c                HardwareSerial::write(unsigned char)
 .text._GLOBAL__I_SERIAL1
                0x0800504c       0x40 build\bsp\maple\wirish\HardwareSerial.o
 .text.set_this_dev
                0x0800508c       0x1c build\bsp\maple\wirish\HardwareTimer.o
 .text._ZN13HardwareTimerC2Eh
                0x080050a8       0x48 build\bsp\maple\wirish\HardwareTimer.o
                0x080050a8                HardwareTimer::HardwareTimer(unsigned char)
                0x080050a8                HardwareTimer::HardwareTimer(unsigned char)
 .text._ZN5Print5writeEPKc
                0x080050f0       0x1c build\bsp\maple\wirish\Print.o
                0x080050f0                Print::write(char const*)
 .text._ZN5Print5writeEPKvj
                0x0800510c       0x8c build\bsp\maple\wirish\Print.o
                0x0800510c                Print::write(void const*, unsigned int)
 .text._ZN6wirish4privL20timer_default_configEP9timer_dev
                0x08005198       0xd8 build\bsp\maple\wirish\boards.o
 .text._ZN6wirish4privL18adc_default_configEPK7adc_dev
                0x08005270       0x1c build\bsp\maple\wirish\boards.o
 .text.boardInit
                0x0800528c        0x4 build\bsp\maple\wirish\boards.o
                0x0800528c                boardInit
 .text._ZN6wirish4priv17board_setup_flashEv
                0x08005290       0x14 build\bsp\maple\wirish\boards.o
                0x08005290                wirish::priv::board_setup_flash()
 .text._ZN6wirish4priv18board_setup_clocksEv
                0x080052a4       0x74 build\bsp\maple\wirish\boards.o
                0x080052a4                wirish::priv::board_setup_clocks()
 .text._ZN6wirish4priv16board_setup_adcsEv
                0x08005318       0x1c build\bsp\maple\wirish\boards.o
                0x08005318                wirish::priv::board_setup_adcs()
 .text._ZN6wirish4priv18board_setup_timersEv
                0x08005334        0xc build\bsp\maple\wirish\boards.o
                0x08005334                wirish::priv::board_setup_timers()
 .text.init     0x08005340       0x28 build\bsp\maple\wirish\boards.o
                0x08005340                init
 .text.digitalRead
                0x08005368       0x30 build\bsp\maple\wirish\wirish_digital.o
                0x08005368                digitalRead
 .text.digitalWrite
                0x08005398       0x30 build\bsp\maple\wirish\wirish_digital.o
                0x08005398                digitalWrite
 .text._GLOBAL__I__Z9boardInitv
                0x080053c8       0xd0 maple\wirish\boards\wrtnode2\board.o
 .text._ZN6wirish4priv15board_reset_pllEv
                0x08005498        0x4 build\bsp\maple\wirish\stm32f1\boards_setup.o
                0x08005498                wirish::priv::board_reset_pll()
 .text._ZN6wirish4priv28board_setup_clock_prescalersEv
                0x0800549c       0x20 build\bsp\maple\wirish\stm32f1\boards_setup.o
                0x0800549c                wirish::priv::board_setup_clock_prescalers()
 .text._ZN6wirish4priv16board_setup_gpioEv
                0x080054bc        0x4 build\bsp\maple\wirish\stm32f1\boards_setup.o
                0x080054bc                wirish::priv::board_setup_gpio()
 .text._ZN6wirish4priv15board_setup_usbEv
                0x080054c0        0x4 build\bsp\maple\wirish\stm32f1\boards_setup.o
                0x080054c0                wirish::priv::board_setup_usb()
 .text._ZN6wirish4priv11series_initEv
                0x080054c4        0x4 build\bsp\maple\wirish\stm32f1\boards_setup.o
                0x080054c4                wirish::priv::series_init()
 .text.pinMode  0x080054c8       0x84 build\bsp\maple\wirish\stm32f1\wirish_digital.o
                0x080054c8                pinMode
 .text.c_dev1   0x0800554c        0xc build\bsp\maple\wirishC\HardwareSPI.o
 .text.nssPin1  0x08005558        0xc build\bsp\maple\wirishC\HardwareSPI.o
 .text.sckPin1  0x08005564        0xc build\bsp\maple\wirishC\HardwareSPI.o
 .text.mosiPin1
                0x08005570        0xc build\bsp\maple\wirishC\HardwareSPI.o
 .text.misoPin1
                0x0800557c        0xc build\bsp\maple\wirishC\HardwareSPI.o
 .text.transfer1
                0x08005588        0xc build\bsp\maple\wirishC\HardwareSPI.o
 .text.write_buf_len1
                0x08005594       0x10 build\bsp\maple\wirishC\HardwareSPI.o
 .text.write1   0x080055a4        0xc build\bsp\maple\wirishC\HardwareSPI.o
 .text.read_buf_len1
                0x080055b0       0x10 build\bsp\maple\wirishC\HardwareSPI.o
 .text.read1    0x080055c0        0xc build\bsp\maple\wirishC\HardwareSPI.o
 .text.end1     0x080055cc        0xc build\bsp\maple\wirishC\HardwareSPI.o
 .text.beginSlave1
                0x080055d8        0xc build\bsp\maple\wirishC\HardwareSPI.o
 .text.beginSlave_order_mode1
                0x080055e4       0x10 build\bsp\maple\wirishC\HardwareSPI.o
 .text.begin1   0x080055f4        0xc build\bsp\maple\wirishC\HardwareSPI.o
 .text.begin_freq_order_mode1
                0x08005600       0x18 build\bsp\maple\wirishC\HardwareSPI.o
 .text._GLOBAL__I_spi1
                0x08005618        0xc build\bsp\maple\wirishC\HardwareSPI.o
 .text._GLOBAL__I_Timer1
                0x08005624       0x38 build\bsp\maple\wirishC\HardwareTimer.o
 .text.rt_system_tick_init
                0x0800565c        0x4 build\kernel\src\clock.o
                0x0800565c                rt_system_tick_init
 .text.rt_tick_get
                0x08005660        0xc build\kernel\src\clock.o
                0x08005660                rt_tick_get
 .text.rt_tick_increase
                0x0800566c       0x2c build\kernel\src\clock.o
                0x0800566c                rt_tick_increase
 .text.rti_start
                0x08005698        0x4 build\kernel\src\components.o
 .text.rti_board_end
                0x0800569c        0x4 build\kernel\src\components.o
 .text.rti_end  0x080056a0        0x4 build\kernel\src\components.o
 .text.rt_device_register
                0x080056a4       0x80 build\kernel\src\device.o
                0x080056a4                rt_device_register
 .text.rt_device_find
                0x08005724       0x54 build\kernel\src\device.o
                0x08005724                rt_device_find
 .text.rt_device_open
                0x08005778       0x9c build\kernel\src\device.o
                0x08005778                rt_device_open
 .text.rt_device_close
                0x08005814       0x50 build\kernel\src\device.o
                0x08005814                rt_device_close
 .text.rt_device_read
                0x08005864       0x54 build\kernel\src\device.o
                0x08005864                rt_device_read
 .text.rt_device_write
                0x080058b8       0x54 build\kernel\src\device.o
                0x080058b8                rt_device_write
 .text.rt_device_set_rx_indicate
                0x0800590c       0x28 build\kernel\src\device.o
                0x0800590c                rt_device_set_rx_indicate
 .text.rt_thread_idle_excute
                0x08005934       0xb8 build\kernel\src\idle.o
                0x08005934                rt_thread_idle_excute
 .text.rt_thread_idle_entry
                0x080059ec       0x14 build\kernel\src\idle.o
 .text.rt_thread_idle_init
                0x08005a00       0x40 build\kernel\src\idle.o
                0x08005a00                rt_thread_idle_init
 .text.rt_sem_init
                0x08005a40       0x3c build\kernel\src\ipc.o
                0x08005a40                rt_sem_init
 .text.rt_sem_take
                0x08005a7c      0x178 build\kernel\src\ipc.o
                0x08005a7c                rt_sem_take
 .text.rt_sem_release
                0x08005bf4       0x44 build\kernel\src\ipc.o
                0x08005bf4                rt_sem_release
 .text.rt_interrupt_enter
                0x08005c38       0x1c build\kernel\src\irq.o
                0x08005c38                rt_interrupt_enter
 .text.rt_interrupt_leave
                0x08005c54       0x1c build\kernel\src\irq.o
                0x08005c54                rt_interrupt_leave
 .text.rt_interrupt_get_nest
                0x08005c70        0xc build\kernel\src\irq.o
                0x08005c70                rt_interrupt_get_nest
 .text.print_number
                0x08005c7c      0x34c build\kernel\src\kservice.o
 .text.rt_set_errno
                0x08005fc8       0x20 build\kernel\src\kservice.o
                0x08005fc8                rt_set_errno
 .text.rt_memset
                0x08005fe8      0x268 build\kernel\src\kservice.o
                0x08005fe8                rt_memset
                0x08005fe8                memset
 .text.rt_memcpy
                0x08006250      0x2bc build\kernel\src\kservice.o
                0x08006250                rt_memcpy
                0x08006250                memcpy
 .text.rt_memmove
                0x0800650c      0x1b8 build\kernel\src\kservice.o
                0x0800650c                rt_memmove
                0x0800650c                memmove
 .text.rt_strncpy
                0x080066c4      0x1dc build\kernel\src\kservice.o
                0x080066c4                rt_strncpy
 .text.rt_strncmp
                0x080068a0       0xd0 build\kernel\src\kservice.o
                0x080068a0                rt_strncmp
 .text.rt_strlen
                0x08006970       0x18 build\kernel\src\kservice.o
                0x08006970                strlen
                0x08006970                rt_strlen
 .text.rt_vsnprintf
                0x08006988      0x5fc build\kernel\src\kservice.o
                0x08006988                rt_vsnprintf
 .text.rt_console_get_device
                0x08006f84        0xc build\kernel\src\kservice.o
                0x08006f84                rt_console_get_device
 .text.rt_console_set_device
                0x08006f90       0x28 build\kernel\src\kservice.o
                0x08006f90                rt_console_set_device
 .text.rt_hw_console_output
                0x08006fb8        0x4 build\kernel\src\kservice.o
                0x08006fb8                rt_hw_console_output
 .text.rt_kprintf
                0x08006fbc       0x58 build\kernel\src\kservice.o
                0x08006fbc                rt_kprintf
 .text.rt_show_version
                0x08007014       0x48 build\kernel\src\kservice.o
                0x08007014                rt_show_version
 .text.__rt_ffs
                0x0800705c       0x40 build\kernel\src\kservice.o
                0x0800705c                __rt_ffs
 .text.rt_assert_handler
                0x0800709c       0x38 build\kernel\src\kservice.o
                0x0800709c                rt_assert_handler
 .text.list_mem
                0x080070d4       0x3c build\kernel\src\mem.o
                0x080070d4                list_mem
 .text.plug_holes
                0x08007110       0xb0 build\kernel\src\mem.o
 .text.rt_system_heap_init
                0x080071c0       0xc0 build\kernel\src\mem.o
                0x080071c0                rt_system_heap_init
 .text.rt_malloc
                0x08007280      0x1e0 build\kernel\src\mem.o
                0x08007280                rt_malloc
 .text.rt_free  0x08007460      0x124 build\kernel\src\mem.o
                0x08007460                rt_free
 .text.rt_system_object_init
                0x08007584        0x4 build\kernel\src\object.o
                0x08007584                rt_system_object_init
 .text.rt_object_init
                0x08007588       0x4c build\kernel\src\object.o
                0x08007588                rt_object_init
 .text.rt_object_detach
                0x080075d4       0x48 build\kernel\src\object.o
                0x080075d4                rt_object_detach
 .text.rt_object_allocate
                0x0800761c       0x8c build\kernel\src\object.o
                0x0800761c                rt_object_allocate
 .text.rt_object_delete
                0x080076a8       0x6c build\kernel\src\object.o
                0x080076a8                rt_object_delete
 .text.rt_object_is_systemobject
                0x08007714       0x24 build\kernel\src\object.o
                0x08007714                rt_object_is_systemobject
 .text.rt_system_scheduler_init
                0x08007738       0x88 build\kernel\src\scheduler.o
                0x08007738                rt_system_scheduler_init
 .text.rt_system_scheduler_start
                0x080077c0       0x30 build\kernel\src\scheduler.o
                0x080077c0                rt_system_scheduler_start
 .text.rt_schedule
                0x080077f0       0xd8 build\kernel\src\scheduler.o
                0x080077f0                rt_schedule
 .text.rt_schedule_insert_thread
                0x080078c8       0x5c build\kernel\src\scheduler.o
                0x080078c8                rt_schedule_insert_thread
 .text.rt_schedule_remove_thread
                0x08007924       0x64 build\kernel\src\scheduler.o
                0x08007924                rt_schedule_remove_thread
 .text.rt_enter_critical
                0x08007988       0x1c build\kernel\src\scheduler.o
                0x08007988                rt_enter_critical
 .text.rt_exit_critical
                0x080079a4       0x30 build\kernel\src\scheduler.o
                0x080079a4                rt_exit_critical
 .text.rt_thread_timeout
                0x080079d4       0x5c build\kernel\src\thread.o
                0x080079d4                rt_thread_timeout
 .text.rt_thread_exit
                0x08007a30       0x60 build\kernel\src\thread.o
 .text._rt_thread_init.clone.0
                0x08007a90       0x8c build\kernel\src\thread.o
 .text.rt_thread_init
                0x08007b1c       0x74 build\kernel\src\thread.o
                0x08007b1c                rt_thread_init
 .text.rt_thread_self
                0x08007b90        0xc build\kernel\src\thread.o
                0x08007b90                rt_thread_self
 .text.rt_thread_startup
                0x08007b9c       0x88 build\kernel\src\thread.o
                0x08007b9c                rt_thread_startup
 .text.rt_thread_create
                0x08007c24       0x50 build\kernel\src\thread.o
                0x08007c24                rt_thread_create
 .text.rt_thread_yield
                0x08007c74       0x58 build\kernel\src\thread.o
                0x08007c74                rt_thread_yield
 .text.rt_thread_delay
                0x08007ccc       0x9c build\kernel\src\thread.o
                0x08007ccc                rt_thread_delay
 .text.rt_thread_suspend
                0x08007d68       0x50 build\kernel\src\thread.o
                0x08007d68                rt_thread_suspend
 .text.rt_thread_resume
                0x08007db8       0x5c build\kernel\src\thread.o
                0x08007db8                rt_thread_resume
 .text.rt_timer_init
                0x08007e14       0x50 build\kernel\src\timer.o
                0x08007e14                rt_timer_init
 .text.rt_timer_detach
                0x08007e64       0x40 build\kernel\src\timer.o
                0x08007e64                rt_timer_detach
 .text.rt_timer_start
                0x08007ea4       0xcc build\kernel\src\timer.o
                0x08007ea4                rt_timer_start
 .text.rt_timer_stop
                0x08007f70       0x60 build\kernel\src\timer.o
                0x08007f70                rt_timer_stop
 .text.rt_timer_control
                0x08007fd0       0x58 build\kernel\src\timer.o
                0x08007fd0                rt_timer_control
 .text.rt_timer_check
                0x08008028       0x98 build\kernel\src\timer.o
                0x08008028                rt_timer_check
 .text.rt_system_timer_init
                0x080080c0        0xc build\kernel\src\timer.o
                0x080080c0                rt_system_timer_init
 .text.rt_system_timer_thread_init
                0x080080cc        0x4 build\kernel\src\timer.o
                0x080080cc                rt_system_timer_thread_init
 .text.rt_hw_stack_init
                0x080080d0       0x60 build\kernel\libcpu\arm\cortex-m3\cpuport.o
                0x080080d0                rt_hw_stack_init
 .text.rt_hw_hard_fault_exception
                0x08008130      0x338 build\kernel\libcpu\arm\cortex-m3\cpuport.o
                0x08008130                rt_hw_hard_fault_exception
 .text.cplusplus_system_init
                0x08008468       0x64 build\kernel\components\cplusplus\crt_init.o
                0x08008468                cplusplus_system_init
 .text.rt_ringbuffer_init
                0x080084cc       0x5c build\kernel\components\drivers\src\ringbuffer.o
                0x080084cc                rt_ringbuffer_init
 .text.rt_ringbuffer_put
                0x08008528       0xf4 build\kernel\components\drivers\src\ringbuffer.o
                0x08008528                rt_ringbuffer_put
 .text.rt_ringbuffer_get
                0x0800861c       0xe0 build\kernel\components\drivers\src\ringbuffer.o
                0x0800861c                rt_ringbuffer_get
 .text.rt_ringbuffer_putchar
                0x080086fc       0xa4 build\kernel\components\drivers\src\ringbuffer.o
                0x080086fc                rt_ringbuffer_putchar
 .text.rt_ringbuffer_getchar
                0x080087a0       0x98 build\kernel\components\drivers\src\ringbuffer.o
                0x080087a0                rt_ringbuffer_getchar
 .text.finsh_system_init
                0x08008838       0xb8 build\kernel\components\finsh\shell.o
                0x08008838                finsh_system_init
 .text.finsh_rx_ind
                0x080088f0       0x30 build\kernel\components\finsh\shell.o
 .text.finsh_thread_entry
                0x08008920      0x49c build\kernel\components\finsh\shell.o
                0x08008920                finsh_thread_entry
 .text.finsh_set_device
                0x08008dbc       0x9c build\kernel\components\finsh\shell.o
                0x08008dbc                finsh_set_device
 .text.finsh_set_echo
                0x08008e58       0x40 build\kernel\components\finsh\shell.o
                0x08008e58                finsh_set_echo
 .text.list_device
                0x08008e98       0x68 build\kernel\components\finsh\cmd.o
                0x08008e98                list_device
 .text.list_mempool
                0x08008f00       0xb8 build\kernel\components\finsh\cmd.o
                0x08008f00                list_mempool
 .text.list_mutex
                0x08008fb8       0x6c build\kernel\components\finsh\cmd.o
                0x08008fb8                list_mutex
 .text.hello    0x08009024       0x10 build\kernel\components\finsh\cmd.o
                0x08009024                hello
 .text.list     0x08009034       0x60 build\kernel\components\finsh\cmd.o
                0x08009034                list
 .text.list_timer
                0x08009094       0x74 build\kernel\components\finsh\cmd.o
                0x08009094                list_timer
 .text.version  0x08009108        0xc build\kernel\components\finsh\cmd.o
                0x08009108                version
 .text.list_thread
                0x08009114       0xc0 build\kernel\components\finsh\cmd.o
                0x08009114                list_thread
 .text.list_event
                0x080091d4       0xa8 build\kernel\components\finsh\cmd.o
                0x080091d4                list_event
 .text.list_sem
                0x0800927c       0xb4 build\kernel\components\finsh\cmd.o
                0x0800927c                list_sem
 .text.msh_help
                0x08009330       0x6c build\kernel\components\finsh\msh.o
                0x08009330                msh_help
 .text.msh_is_used
                0x0800939c        0x4 build\kernel\components\finsh\msh.o
                0x0800939c                msh_is_used
 .text.msh_exec
                0x080093a0      0x334 build\kernel\components\finsh\msh.o
                0x080093a0                msh_exec
 .text.msh_auto_complete
                0x080096d4      0x12c build\kernel\components\finsh\msh.o
                0x080096d4                msh_auto_complete
 .text.cmd_time
                0x08009800        0x4 build\kernel\components\finsh\msh_cmd.o
                0x08009800                cmd_time
 .text.cmd_free
                0x08009804        0xc build\kernel\components\finsh\msh_cmd.o
                0x08009804                cmd_free
 .text.cmd_ps   0x08009810        0xc build\kernel\components\finsh\msh_cmd.o
                0x08009810                cmd_ps
 .text.strncmp  0x0800981c       0xd0 build\kernel\components\libc\minilibc\string.o
                0x0800981c                strncmp
 .text.simple_strtoul
                0x080098ec       0xec build\kernel\components\libc\minilibc\string.o
                0x080098ec                simple_strtoul
 .text.simple_strtoull
                0x080099d8      0x108 build\kernel\components\libc\minilibc\string.o
                0x080099d8                simple_strtoull
 .text.vsscanf  0x08009ae0      0x608 build\kernel\components\libc\minilibc\string.o
                0x08009ae0                vsscanf
 .text.sscanf   0x0800a0e8       0x20 build\kernel\components\libc\minilibc\string.o
                0x0800a0e8                sscanf
 *(.rodata)
 *(.rodata*)
 .rodata.name   0x0800a108       0x94 build\bsp\applications\application.o
                0x0800a108                __fsym___cmd_digitalRead_name
                0x0800a11c                __fsym___cmd_digitalRead_desc
                0x0800a130                __fsym___cmd_pinMode_name
                0x0800a140                __fsym___cmd_pinMode_desc
                0x0800a150                __fsym___cmd_digitalWrite_name
                0x0800a164                __fsym___cmd_digitalWrite_desc
                0x0800a178                __fsym___cmd_reset_name
                0x0800a184                __fsym___cmd_reset_desc
 .rodata.str1.4
                0x0800a19c       0x94 build\bsp\applications\application.o
                                 0x98 (size before relaxing)
 .rodata.str1.4
                0x00000000        0x8 build\bsp\drivers\platform.o
 .rodata.name   0x0800a230       0xdc build\bsp\drivers\Led16x16TM1640Driver.o
                0x0800a230                __fsym___cmd_gm_name
                0x0800a23c                __fsym___cmd_gm_desc
                0x0800a250                __fsym___cmd_sm_name
                0x0800a25c                __fsym___cmd_sm_desc
                0x0800a270                __fsym___cmd_gs_name
                0x0800a27c                __fsym___cmd_gs_desc
                0x0800a28c                __fsym___cmd_ss_name
                0x0800a298                __fsym___cmd_ss_desc
                0x0800a2a8                __fsym___cmd_dc_name
                0x0800a2b4                __fsym___cmd_dc_desc
                0x0800a2cc                __fsym___cmd_disp16x16_name
                0x0800a2dc                __fsym___cmd_disp16x16_desc
                0x0800a2f0                __fsym___cmd_d_name
                0x0800a2f8                __fsym___cmd_d_desc
 .rodata.hz_shu
                0x0800a30c      0x300 build\bsp\drivers\Led16x16TM1640Driver.o
                0x0800a30c                hz_shu
 .rodata.str1.4
                0x0800a60c      0x100 build\bsp\drivers\Led16x16TM1640Driver.o
                                0x104 (size before relaxing)
 .rodata.str1.4
                0x0800a70c       0x71 build\bsp\maple\libmaple\timer.o
                                 0x78 (size before relaxing)
 *fill*         0x0800a77d        0x3 00000000
 .rodata.str1.4
                0x0800a780       0x45 build\bsp\maple\libmaple\util.o
                                 0x48 (size before relaxing)
 *fill*         0x0800a7c5        0x3 00000000
 .rodata.GPIOA  0x0800a7c8        0x4 build\bsp\maple\libmaple\stm32f1\gpio.o
                0x0800a7c8                GPIOA
 .rodata.GPIOB  0x0800a7cc        0x4 build\bsp\maple\libmaple\stm32f1\gpio.o
                0x0800a7cc                GPIOB
 .rodata.masks.4208
                0x0800a7d0       0x14 build\bsp\maple\libmaple\stm32f1\rcc.o
 .rodata.enable_regs.4199
                0x0800a7e4        0xc build\bsp\maple\libmaple\stm32f1\rcc.o
 .rodata.reset_regs.4203
                0x0800a7f0        0x8 build\bsp\maple\libmaple\stm32f1\rcc.o
 .rodata.str1.4
                0x0800a7f8       0x78 build\bsp\maple\libmaple\stm32f1\rcc.o
 .rodata.rcc_dev_table
                0x0800a870       0x5c build\bsp\maple\libmaple\stm32f1\rcc.o
                0x0800a870                rcc_dev_table
 .rodata.str1.4
                0x0800a8cc       0x1d build\bsp\maple\wirish\HardwareSPI.o
                                 0x24 (size before relaxing)
 *fill*         0x0800a8e9        0x3 00000000
 .rodata.CSWTCH.21
                0x0800a8ec        0xc build\bsp\maple\wirish\HardwareSPI.o
 .rodata._ZTV14HardwareSerial
                0x0800a8f8       0x18 build\bsp\maple\wirish\HardwareSerial.o
                0x0800a8f8                vtable for HardwareSerial
 .rodata.str1.4
                0x0800a910       0x32 build\bsp\maple\wirish\HardwareTimer.o
                                 0x34 (size before relaxing)
 *fill*         0x0800a942        0x2 00000000
 .rodata.str1.4
                0x0800a944       0x28 build\bsp\maple\wirish\stm32f1\wirish_digital.o
                                 0x2c (size before relaxing)
 .rodata.__FUNCTION__.4635
                0x0800a96c       0x1c build\kernel\src\device.o
 .rodata.str1.4
                0x0800a988       0x5c build\kernel\src\device.o
 .rodata.__FUNCTION__.4603
                0x0800a9e4       0x10 build\kernel\src\device.o
 .rodata.__FUNCTION__.4608
                0x0800a9f4       0x10 build\kernel\src\device.o
 .rodata.__FUNCTION__.4615
                0x0800aa04       0x10 build\kernel\src\device.o
 .rodata.__FUNCTION__.4622
                0x0800aa14       0x10 build\kernel\src\device.o
 .rodata.__FUNCTION__.4649
                0x0800aa24       0x18 build\kernel\src\idle.o
 .rodata.str1.4
                0x0800aa3c       0x2a build\kernel\src\idle.o
                                 0x30 (size before relaxing)
 *fill*         0x0800aa66        0x2 00000000
 .rodata.__FUNCTION__.4695
                0x0800aa68        0xc build\kernel\src\ipc.o
 .rodata.str1.4
                0x0800aa74       0x6d build\kernel\src\ipc.o
                                 0x98 (size before relaxing)
 *fill*         0x0800aae1        0x3 00000000
 .rodata.__FUNCTION__.4671
                0x0800aae4        0xc build\kernel\src\ipc.o
 .rodata.small_digits.4795
                0x0800aaf0       0x14 build\kernel\src\kservice.o
 .rodata.large_digits.4796
                0x0800ab04       0x14 build\kernel\src\kservice.o
 .rodata.str1.4
                0x0800ab18       0xe3 build\kernel\src\kservice.o
                                 0xe4 (size before relaxing)
 *fill*         0x0800abfb        0x1 00000000
 .rodata.__lowest_bit_bitmap
                0x0800abfc      0x100 build\kernel\src\kservice.o
                0x0800abfc                __lowest_bit_bitmap
 .rodata.name   0x0800acfc       0x2c build\kernel\src\mem.o
                0x0800acfc                __fsym_list_mem_name
                0x0800ad08                __fsym_list_mem_desc
 .rodata.__FUNCTION__.4711
                0x0800ad28        0x8 build\kernel\src\mem.o
 .rodata.str1.4
                0x0800ad30      0x25d build\kernel\src\mem.o
                                0x288 (size before relaxing)
 *fill*         0x0800af8d        0x3 00000000
 .rodata.__FUNCTION__.4662
                0x0800af90        0xc build\kernel\src\mem.o
 .rodata.__FUNCTION__.4671
                0x0800af9c       0x14 build\kernel\src\mem.o
 .rodata.__FUNCTION__.4680
                0x0800afb0        0xc build\kernel\src\mem.o
 .rodata.__FUNCTION__.4688
                0x0800afbc       0x14 build\kernel\src\object.o
 .rodata.__FUNCTION__.4693
                0x0800afd0       0x14 build\kernel\src\object.o
 .rodata.__FUNCTION__.4697
                0x0800afe4       0x1c build\kernel\src\object.o
 .rodata.str1.4
                0x0800b000       0x3d build\kernel\src\object.o
                                 0x68 (size before relaxing)
 *fill*         0x0800b03d        0x3 00000000
 .rodata.__FUNCTION__.4679
                0x0800b040       0x14 build\kernel\src\object.o
 .rodata.__FUNCTION__.4687
                0x0800b054       0x1c build\kernel\src\scheduler.o
 .rodata.__FUNCTION__.4651
                0x0800b070       0x1c build\kernel\src\scheduler.o
 .rodata.str1.4
                0x0800b08c       0x65 build\kernel\src\scheduler.o
                                 0x68 (size before relaxing)
 *fill*         0x0800b0f1        0x3 00000000
 .rodata.__FUNCTION__.4682
                0x0800b0f4       0x1c build\kernel\src\scheduler.o
 .rodata.__FUNCTION__.4650
                0x0800b110       0x10 build\kernel\src\thread.o
 .rodata.__FUNCTION__.4701
                0x0800b120       0x10 build\kernel\src\thread.o
 .rodata.str1.4
                0x0800b130       0x7f build\kernel\src\thread.o
                                 0x94 (size before relaxing)
 *fill*         0x0800b1af        0x1 00000000
 .rodata.__FUNCTION__.4662
                0x0800b1b0       0x10 build\kernel\src\thread.o
 .rodata.__FUNCTION__.4726
                0x0800b1c0       0x14 build\kernel\src\thread.o
 .rodata.__FUNCTION__.4721
                0x0800b1d4       0x14 build\kernel\src\thread.o
 .rodata.__FUNCTION__.4669
                0x0800b1e8       0x14 build\kernel\src\thread.o
 .rodata.__FUNCTION__.4731
                0x0800b1fc       0x14 build\kernel\src\thread.o
 .rodata.__FUNCTION__.4720
                0x0800b210       0x10 build\kernel\src\timer.o
 .rodata.__FUNCTION__.4703
                0x0800b220       0x10 build\kernel\src\timer.o
 .rodata.str1.4
                0x0800b230       0x37 build\kernel\src\timer.o
                                 0x38 (size before relaxing)
 *fill*         0x0800b267        0x1 00000000
 .rodata.__FUNCTION__.4679
                0x0800b268       0x10 build\kernel\src\timer.o
 .rodata.__FUNCTION__.4674
                0x0800b278       0x10 build\kernel\src\timer.o
 .rodata.__FUNCTION__.4726
                0x0800b288       0x14 build\kernel\src\timer.o
 .rodata.str1.4
                0x0800b29c      0x2b5 build\kernel\libcpu\arm\cortex-m3\cpuport.o
                                0x2c0 (size before relaxing)
 *fill*         0x0800b551        0x3 00000000
 .rodata.__FUNCTION__.4864
                0x0800b554       0x14 build\kernel\components\drivers\src\ringbuffer.o
 .rodata.__FUNCTION__.4869
                0x0800b568       0x18 build\kernel\components\drivers\src\ringbuffer.o
 .rodata.str1.4
                0x0800b580       0x19 build\kernel\components\drivers\src\ringbuffer.o
                                 0x1c (size before relaxing)
 *fill*         0x0800b599        0x3 00000000
 .rodata.__FUNCTION__.4880
                0x0800b59c       0x18 build\kernel\components\drivers\src\ringbuffer.o
 .rodata.__FUNCTION__.4843
                0x0800b5b4       0x14 build\kernel\components\drivers\src\ringbuffer.o
 .rodata.__FUNCTION__.4850
                0x0800b5c8       0x14 build\kernel\components\drivers\src\ringbuffer.o
 .rodata.__FUNCTION__.4890
                0x0800b5dc       0x14 build\kernel\components\finsh\shell.o
 .rodata.__FUNCTION__.4908
                0x0800b5f0       0x14 build\kernel\components\finsh\shell.o
 .rodata.str1.4
                0x0800b604       0xa0 build\kernel\components\finsh\shell.o
                                 0xa4 (size before relaxing)
 .rodata.__FUNCTION__.4885
                0x0800b6a4       0x10 build\kernel\components\finsh\shell.o
 .rodata.__FUNCTION__.4897
                0x0800b6b4       0x10 build\kernel\components\finsh\shell.o
 .rodata.name   0x0800b6c4      0x2c4 build\kernel\components\finsh\cmd.o
                0x0800b6c4                __fsym_hello_name
                0x0800b6cc                __fsym_hello_desc
                0x0800b6dc                __fsym_version_name
                0x0800b6e4                __fsym_version_desc
                0x0800b708                __fsym___cmd_version_name
                0x0800b718                __fsym___cmd_version_desc
                0x0800b73c                __fsym_list_thread_name
                0x0800b748                __fsym_list_thread_desc
                0x0800b754                __fsym___cmd_list_thread_name
                0x0800b768                __fsym___cmd_list_thread_desc
                0x0800b774                __fsym_list_sem_name
                0x0800b780                __fsym_list_sem_desc
                0x0800b79c                __fsym___cmd_list_sem_name
                0x0800b7ac                __fsym___cmd_list_sem_desc
                0x0800b7c8                __fsym_list_event_name
                0x0800b7d4                __fsym_list_event_desc
                0x0800b7ec                __fsym___cmd_list_event_name
                0x0800b800                __fsym___cmd_list_event_desc
                0x0800b818                __fsym_list_mutex_name
                0x0800b824                __fsym_list_mutex_desc
                0x0800b83c                __fsym___cmd_list_mutex_name
                0x0800b850                __fsym___cmd_list_mutex_desc
                0x0800b868                __fsym_list_mempool_name
                0x0800b878                __fsym_list_mempool_desc
                0x0800b894                __fsym___cmd_list_mempool_name
                0x0800b8a8                __fsym___cmd_list_mempool_desc
                0x0800b8c4                __fsym_list_timer_name
                0x0800b8d0                __fsym_list_timer_desc
                0x0800b8e8                __fsym___cmd_list_timer_name
                0x0800b8fc                __fsym___cmd_list_timer_desc
                0x0800b914                __fsym_list_device_name
                0x0800b920                __fsym_list_device_desc
                0x0800b938                __fsym___cmd_list_device_name
                0x0800b94c                __fsym___cmd_list_device_desc
                0x0800b964                __fsym_list_name
                0x0800b96c                __fsym_list_desc
 .rodata.C.1.5945
                0x0800b988       0x50 build\kernel\components\finsh\cmd.o
 .rodata.str1.4
                0x0800b9d8      0x534 build\kernel\components\finsh\cmd.o
                                0x53c (size before relaxing)
 .rodata.name   0x0800bf0c       0x44 build\kernel\components\finsh\msh.o
                0x0800bf0c                __fsym___cmd_h_name
                0x0800bf14                __fsym___cmd_h_desc
                0x0800bf2c                __fsym___cmd_help_name
                0x0800bf38                __fsym___cmd_help_desc
 .rodata.str1.4
                0x0800bf50       0x48 build\kernel\components\finsh\msh.o
                                 0x50 (size before relaxing)
 .rodata.name   0x0800bf98       0x84 build\kernel\components\finsh\msh_cmd.o
                0x0800bf98                __fsym___cmd_ps_name
                0x0800bfa4                __fsym___cmd_ps_desc
                0x0800bfc0                __fsym___cmd_time_name
                0x0800bfcc                __fsym___cmd_time_desc
                0x0800bfe8                __fsym___cmd_free_name
                0x0800bff4                __fsym___cmd_free_desc
 *(.glue_7)
 .glue_7        0x00000000        0x0 linker stubs
 *(.glue_7t)
 .glue_7t       0x00000000        0x0 linker stubs
 *(.gnu.linkonce.t*)
                0x0800c01c                . = ALIGN (0x4)
                0x0800c01c                __fsymtab_start = .
 *(FSymTab)
 FSymTab        0x0800c01c       0x30 build\bsp\applications\application.o
                0x0800c01c                __fsym___cmd_digitalRead
                0x0800c028                __fsym___cmd_pinMode
                0x0800c034                __fsym___cmd_digitalWrite
                0x0800c040                __fsym___cmd_reset
 FSymTab        0x0800c04c       0x54 build\bsp\drivers\Led16x16TM1640Driver.o
                0x0800c04c                __fsym___cmd_gm
                0x0800c058                __fsym___cmd_sm
                0x0800c064                __fsym___cmd_gs
                0x0800c070                __fsym___cmd_ss
                0x0800c07c                __fsym___cmd_dc
                0x0800c088                __fsym___cmd_disp16x16
                0x0800c094                __fsym___cmd_d
 FSymTab        0x0800c0a0        0xc build\kernel\src\mem.o
                0x0800c0a0                __fsym_list_mem
 FSymTab        0x0800c0ac       0xd8 build\kernel\components\finsh\cmd.o
                0x0800c0ac                __fsym_hello
                0x0800c0b8                __fsym_version
                0x0800c0c4                __fsym___cmd_version
                0x0800c0d0                __fsym_list_thread
                0x0800c0dc                __fsym___cmd_list_thread
                0x0800c0e8                __fsym_list_sem
                0x0800c0f4                __fsym___cmd_list_sem
                0x0800c100                __fsym_list_event
                0x0800c10c                __fsym___cmd_list_event
                0x0800c118                __fsym_list_mutex
                0x0800c124                __fsym___cmd_list_mutex
                0x0800c130                __fsym_list_mempool
                0x0800c13c                __fsym___cmd_list_mempool
                0x0800c148                __fsym_list_timer
                0x0800c154                __fsym___cmd_list_timer
                0x0800c160                __fsym_list_device
                0x0800c16c                __fsym___cmd_list_device
                0x0800c178                __fsym_list
 FSymTab        0x0800c184       0x18 build\kernel\components\finsh\msh.o
                0x0800c184                __fsym___cmd_h
                0x0800c190                __fsym___cmd_help
 FSymTab        0x0800c19c       0x24 build\kernel\components\finsh\msh_cmd.o
                0x0800c19c                __fsym___cmd_ps
                0x0800c1a8                __fsym___cmd_time
                0x0800c1b4                __fsym___cmd_free
                0x0800c1c0                __fsymtab_end = .
                0x0800c1c0                . = ALIGN (0x4)
                0x0800c1c0                __vsymtab_start = .
 *(VSymTab)
                0x0800c1c0                __vsymtab_end = .
                0x0800c1c0                . = ALIGN (0x4)
                0x0800c1c0                __rt_init_start = .
 *(SORT(.rti_fn*))
 .rti_fn.0      0x0800c1c0        0x4 build\kernel\src\components.o
                0x0800c1c0                __rt_init_rti_start
 .rti_fn.1.end  0x0800c1c4        0x4 build\kernel\src\components.o
                0x0800c1c4                __rt_init_rti_board_end
 .rti_fn.3      0x0800c1c8        0x4 build\kernel\components\cplusplus\crt_init.o
                0x0800c1c8                __rt_init_cplusplus_system_init
 .rti_fn.3      0x0800c1cc        0x4 build\kernel\components\finsh\shell.o
                0x0800c1cc                __rt_init_finsh_system_init
 .rti_fn.6.end  0x0800c1d0        0x4 build\kernel\src\components.o
                0x0800c1d0                __rt_init_rti_end
                0x0800c1d4                __rt_init_end = .
                0x0800c1d4                . = ALIGN (0x4)
                0x0800c1d4                _etext = .

.USER_FLASH     0x0800c1d4       0x14
 .USER_FLASH    0x0800c1d4       0x14 build\bsp\maple\wirish\HardwareSPI.o

.vfp11_veneer   0x0800c1e8        0x0
 .vfp11_veneer  0x00000000        0x0 linker stubs

.v4_bx          0x0800c1e8        0x0
 .v4_bx         0x00000000        0x0 linker stubs
                0x0800c1e8                . = ALIGN (0x4)

.ctors          0x0800c1e8       0x10
                0x0800c1e8                PROVIDE (__ctors_start__, .)
 *(SORT(.ctors.*))
 *(.ctors)
 *(SORT(.init_array.*))
 *(.init_array)
 .init_array    0x0800c1e8        0x4 build\bsp\maple\wirish\HardwareSerial.o
 .init_array    0x0800c1ec        0x4 maple\wirish\boards\wrtnode2\board.o
 .init_array    0x0800c1f0        0x4 build\bsp\maple\wirishC\HardwareSPI.o
 .init_array    0x0800c1f4        0x4 build\bsp\maple\wirishC\HardwareTimer.o
                0x0800c1f8                PROVIDE (__ctors_end__, .)
                0x0800c1f8                . = ALIGN (0x4)

.dtors          0x0800c1f8        0x0
                0x0800c1f8                PROVIDE (__dtors_start__, .)
 *(SORT(.dtors.*))
 *(.dtors)
                0x0800c1f8                PROVIDE (__dtors_end__, .)
                0x0800c1f8                __exidx_start = .

.ARM.exidx      0x0800c1f8        0x0
 *(.ARM.exidx* .gnu.linkonce.armexidx.*)
                0x0800c1f8                _sidata = .
                0x0800c1f8                __exidx_end = .

.data           0x20000800      0x4ec load address 0x0800c1f8
                0x20000800                . = ALIGN (0x4)
                0x20000800                _sdata = .
 *(.data)
 *(.data.*)
 .data.ledMoveStep
                0x20000800        0x1 build\bsp\drivers\Led16x16TM1640Driver.o
 .data.RefreshLed16x16Flag
                0x20000801        0x1 build\bsp\drivers\Led16x16TM1640Driver.o
 *fill*         0x20000802        0x2 00
 .data.LedDispCtrl
                0x20000804        0x4 build\bsp\drivers\Led16x16TM1640Driver.o
 .data.LedSpeed
                0x20000808        0x1 build\bsp\drivers\Led16x16TM1640Driver.o
 *fill*         0x20000809        0x3 00
 .data.LedDispSwitch
                0x2000080c        0x4 build\bsp\drivers\Led16x16TM1640Driver.o
 .data.timer3   0x20000810       0x24 build\bsp\maple\libmaple\timer.o
 .data.timer4   0x20000834       0x24 build\bsp\maple\libmaple\timer.o
 .data.TIMER1   0x20000858        0x4 build\bsp\maple\libmaple\timer.o
                0x20000858                TIMER1
 .data.TIMER2   0x2000085c        0x4 build\bsp\maple\libmaple\timer.o
                0x2000085c                TIMER2
 .data.TIMER3   0x20000860        0x4 build\bsp\maple\libmaple\timer.o
                0x20000860                TIMER3
 .data.TIMER4   0x20000864        0x4 build\bsp\maple\libmaple\timer.o
                0x20000864                TIMER4
 .data.timer1   0x20000868       0x28 build\bsp\maple\libmaple\timer.o
 .data.timer2   0x20000890       0x24 build\bsp\maple\libmaple\timer.o
 .data.adc1     0x200008b4        0x8 build\bsp\maple\libmaple\stm32f1\adc.o
 .data.adc2     0x200008bc        0x8 build\bsp\maple\libmaple\stm32f1\adc.o
 .data.ADC1     0x200008c4        0x4 build\bsp\maple\libmaple\stm32f1\adc.o
                0x200008c4                ADC1
 .data.ADC2     0x200008c8        0x4 build\bsp\maple\libmaple\stm32f1\adc.o
                0x200008c8                ADC2
 .data.gpioa    0x200008cc        0x8 build\bsp\maple\libmaple\stm32f1\gpio.o
                0x200008cc                gpioa
 .data.gpiob    0x200008d4        0x8 build\bsp\maple\libmaple\stm32f1\gpio.o
                0x200008d4                gpiob
 .data.gpioc    0x200008dc        0x8 build\bsp\maple\libmaple\stm32f1\gpio.o
                0x200008dc                gpioc
 .data.gpiod    0x200008e4        0x8 build\bsp\maple\libmaple\stm32f1\gpio.o
                0x200008e4                gpiod
 .data.spi1     0x200008ec        0x8 build\bsp\maple\libmaple\stm32f1\spi.o
 .data.spi2     0x200008f4        0x8 build\bsp\maple\libmaple\stm32f1\spi.o
 .data.SPI1     0x200008fc        0x4 build\bsp\maple\libmaple\stm32f1\spi.o
                0x200008fc                SPI1
 .data.SPI2     0x20000900        0x4 build\bsp\maple\libmaple\stm32f1\spi.o
                0x20000900                SPI2
 .data.USART1   0x20000904        0x4 build\bsp\maple\libmaple\stm32f1\usart.o
                0x20000904                USART1
 .data.USART2   0x20000908        0x4 build\bsp\maple\libmaple\stm32f1\usart.o
                0x20000908                USART2
 .data.usart1   0x2000090c       0x50 build\bsp\maple\libmaple\stm32f1\usart.o
 .data.usart2   0x2000095c       0x50 build\bsp\maple\libmaple\stm32f1\usart.o
 .data._ZN6wirish4priv18w_board_pll_in_clkE
                0x200009ac        0x2 build\bsp\maple\wirish\boards.o
                0x200009ac                wirish::priv::w_board_pll_in_clk
 *fill*         0x200009ae        0x2 00
 .data.PIN_MAP  0x200009b0      0x180 maple\wirish\boards\wrtnode2\board.o
                0x200009b0                PIN_MAP
 .data._ZN6wirish4privL8pll_dataE
                0x20000b30        0x4 build\bsp\maple\wirish\stm32f1\boards_setup.o
 .data._ZN6wirish4priv9w_adc_smpE
                0x20000b34        0x1 build\bsp\maple\wirish\stm32f1\boards_setup.o
                0x20000b34                wirish::priv::w_adc_smp
 *fill*         0x20000b35        0x1 00
 .data._ZN6wirish4priv9w_adc_preE
                0x20000b36        0x2 build\bsp\maple\wirish\stm32f1\boards_setup.o
                0x20000b36                wirish::priv::w_adc_pre
 .data._ZN6wirish4priv15w_board_pll_cfgE
                0x20000b38        0x8 build\bsp\maple\wirish\stm32f1\boards_setup.o
                0x20000b38                wirish::priv::w_board_pll_cfg
 .data.spi1     0x20000b40       0x3c build\bsp\maple\wirishC\HardwareSPI.o
                0x20000b40                spi1
 .data.rt_object_container
                0x20000b7c       0x70 build\kernel\src\object.o
                0x20000b7c                rt_object_container
 .data._ctype   0x20000bec      0x100 build\kernel\components\libc\minilibc\string.o
                0x20000bec                _ctype
 *(.gnu.linkonce.d*)
                0x20000cec                . = ALIGN (0x4)
                0x20000cec                _edata = .

.stack          0x20000cec      0xc00 load address 0x0800c6e4
                0x200018ec                . = (. + _system_stack_size)
 *fill*         0x20000cec      0xc00 00
                0x200018ec                . = ALIGN (0x4)
                0x200018ec                _estack = .
                0x200018ec                __bss_start = .

.bss            0x200018f0     0x1600 load address 0x0800d2e8
                0x200018f0                . = ALIGN (0x4)
                0x200018f0                _sbss = .
 *(.bss)
 *(.bss.*)
 .bss.cmd.6282  0x200018f0        0x1 build\bsp\drivers\spi_bridge.o
 *fill*         0x200018f1        0x3 00
 .bss.spi_bridge
                0x200018f4      0x85c build\bsp\drivers\spi_bridge.o
 .bss.is_cmd.6281
                0x20002150        0x1 build\bsp\drivers\spi_bridge.o
 .bss.index     0x20002151        0x1 build\bsp\drivers\Led16x16TM1640Driver.o
 .bss.DelayCnt  0x20002152        0x2 build\bsp\drivers\Led16x16TM1640Driver.o
 .bss.LedBuf2   0x20002154       0x10 build\bsp\drivers\Led16x16TM1640Driver.o
 .bss.LedBuf3   0x20002164       0x10 build\bsp\drivers\Led16x16TM1640Driver.o
 .bss.LedBuf4   0x20002174       0x10 build\bsp\drivers\Led16x16TM1640Driver.o
 .bss.LedBuf1   0x20002184       0x10 build\bsp\drivers\Led16x16TM1640Driver.o
 .bss.indexHz   0x20002194        0x1 build\bsp\drivers\Led16x16TM1640Driver.o
 .bss.indexMoveLeft
                0x20002195        0x1 build\bsp\drivers\Led16x16TM1640Driver.o
 *fill*         0x20002196        0x2 00
 .bss.usart1_rb
                0x20002198        0xc build\bsp\maple\libmaple\stm32f1\usart.o
 .bss.usart2_rb
                0x200021a4        0xc build\bsp\maple\libmaple\stm32f1\usart.o
 .bss.usart3_rb
                0x200021b0        0xc build\bsp\maple\libmaple\stm32f1\usart.o
 .bss.SERIAL1   0x200021bc        0xc build\bsp\maple\wirish\HardwareSerial.o
                0x200021bc                SERIAL1
 .bss.SERIAL2   0x200021c8        0xc build\bsp\maple\wirish\HardwareSerial.o
                0x200021c8                SERIAL2
 .bss._ZL7this_id
                0x200021d4        0x1 build\bsp\maple\wirish\HardwareTimer.o
 *fill*         0x200021d5        0x3 00
 .bss._ZL9this_devp
                0x200021d8        0x4 build\bsp\maple\wirish\HardwareTimer.o
 .bss._ZL8CPP_SPI1
                0x200021dc        0x4 build\bsp\maple\wirishC\HardwareSPI.o
 .bss._ZL10CPP_TIMER1
                0x200021e0        0x4 build\bsp\maple\wirishC\HardwareTimer.o
 .bss._ZL10CPP_TIMER2
                0x200021e4        0x4 build\bsp\maple\wirishC\HardwareTimer.o
 .bss._ZL10CPP_TIMER3
                0x200021e8        0x4 build\bsp\maple\wirishC\HardwareTimer.o
 .bss._ZL10CPP_TIMER4
                0x200021ec        0x4 build\bsp\maple\wirishC\HardwareTimer.o
 .bss.rt_tick   0x200021f0        0x4 build\kernel\src\clock.o
 .bss.idle      0x200021f4       0x80 build\kernel\src\idle.o
 .bss.rt_thread_idle_hook
                0x20002274        0x4 build\kernel\src\idle.o
 .bss.rt_thread_stack
                0x20002278      0x100 build\kernel\src\idle.o
 .bss._errno    0x20002378        0x4 build\kernel\src\kservice.o
 .bss.rt_log_buf.4902
                0x2000237c      0x100 build\kernel\src\kservice.o
 .bss._console_device
                0x2000247c        0x4 build\kernel\src\kservice.o
 .bss.lfree     0x20002480        0x4 build\kernel\src\mem.o
 .bss.heap_sem  0x20002484       0x20 build\kernel\src\mem.o
 .bss.used_mem  0x200024a4        0x4 build\kernel\src\mem.o
 .bss.mem_size_aligned
                0x200024a8        0x4 build\kernel\src\mem.o
 .bss.heap_end  0x200024ac        0x4 build\kernel\src\mem.o
 .bss.max_mem   0x200024b0        0x4 build\kernel\src\mem.o
 .bss.rt_free_hook
                0x200024b4        0x4 build\kernel\src\mem.o
 .bss.rt_malloc_hook
                0x200024b8        0x4 build\kernel\src\mem.o
 .bss.heap_ptr  0x200024bc        0x4 build\kernel\src\mem.o
 .bss.rt_object_attach_hook
                0x200024c0        0x4 build\kernel\src\object.o
 .bss.rt_object_detach_hook
                0x200024c4        0x4 build\kernel\src\object.o
 .bss.rt_scheduler_lock_nest
                0x200024c8        0x2 build\kernel\src\scheduler.o
 *fill*         0x200024ca        0x2 00
 .bss.rt_scheduler_hook
                0x200024cc        0x4 build\kernel\src\scheduler.o
 .bss.rt_timer_list
                0x200024d0        0x8 build\kernel\src\timer.o
 .bss.random_nr.4702
                0x200024d8        0x4 build\kernel\src\timer.o
 .bss.rt_timer_timeout_hook
                0x200024dc        0x4 build\kernel\src\timer.o
 .bss.rt_exception_hook
                0x200024e0        0x4 build\kernel\libcpu\arm\cortex-m3\cpuport.o
 .bss.finsh_prompt.4880
                0x200024e4      0x104 build\kernel\components\finsh\shell.o
 .bss.finsh_thread
                0x200025e8       0x80 build\kernel\components\finsh\shell.o
 .bss.finsh_thread_stack
                0x20002668      0x800 build\kernel\components\finsh\shell.o
 .bss._sysvar_table_begin
                0x20002e68        0x4 build\kernel\components\finsh\symbol.o
                0x20002e68                _sysvar_table_begin
 .bss._syscall_table_begin
                0x20002e6c        0x4 build\kernel\components\finsh\symbol.o
                0x20002e6c                _syscall_table_begin
 .bss._sysvar_table_end
                0x20002e70        0x4 build\kernel\components\finsh\symbol.o
                0x20002e70                _sysvar_table_end
 .bss._syscall_table_end
                0x20002e74        0x4 build\kernel\components\finsh\symbol.o
                0x20002e74                _syscall_table_end
 *(COMMON)
 COMMON         0x20002e78        0x1 build\kernel\src\irq.o
                0x20002e78                rt_interrupt_nest
 *fill*         0x20002e79        0x3 00
 COMMON         0x20002e7c        0x4 build\kernel\src\kservice.o
                0x20002e7c                rt_assert_hook
 COMMON         0x20002e80        0xc build\kernel\src\object.o
                0x20002e80                rt_object_put_hook
                0x20002e84                rt_object_take_hook
                0x20002e88                rt_object_trytake_hook
 COMMON         0x20002e8c       0x54 build\kernel\src\scheduler.o
                0x20002e8c                rt_thread_priority_table
                0x20002ecc                rt_current_priority
                0x20002ed0                rt_current_thread
                0x20002ed4                rt_thread_ready_priority_group
                0x20002ed8                rt_thread_defunct
 COMMON         0x20002ee0        0xc build\kernel\libcpu\arm\cortex-m3\cpuport.o
                0x20002ee0                rt_interrupt_to_thread
                0x20002ee4                rt_interrupt_from_thread
                0x20002ee8                rt_thread_switch_interrupt_flag
 COMMON         0x20002eec        0x4 build\kernel\components\finsh\shell.o
                0x20002eec                shell
                0x20002ef0                . = ALIGN (0x4)
                0x20002ef0                _ebss = .
 *(.bss.init)
                0x20002ef0                __bss_end = .
                0x20002ef0                _end = .

.stab
 *(.stab)

.stabstr
 *(.stabstr)

.stab.excl
 *(.stab.excl)

.stab.exclstr
 *(.stab.exclstr)

.stab.index
 *(.stab.index)

.stab.indexstr
 *(.stab.indexstr)

.ARM.attributes
                0x00000000       0x2f
 .ARM.attributes
                0x00000000       0x31 build\bsp\applications\application.o
 .ARM.attributes
                0x00000031       0x31 build\bsp\applications\startup.o
 .ARM.attributes
                0x00000062       0x31 build\bsp\drivers\board.o
 .ARM.attributes
                0x00000093       0x31 build\bsp\drivers\platform.o
 .ARM.attributes
                0x000000c4       0x31 build\bsp\drivers\spi_bridge.o
 .ARM.attributes
                0x000000f5       0x31 build\bsp\drivers\Led16x16TM1640Driver.o
 .ARM.attributes
                0x00000126       0x31 build\bsp\Libraries\CMSIS\CM3\DeviceSupport\ST\STM32F10x\system_stm32f10x.o
 .ARM.attributes
                0x00000157       0x21 build\bsp\Libraries\CMSIS\CM3\DeviceSupport\ST\STM32F10x\startup\gcc_ride7\startup_stm32f10x_md.o
 .ARM.attributes
                0x00000178       0x31 Libraries\CMSIS\CM3\CoreSupport\core_cm3.o
 .ARM.attributes
                0x000001a9       0x31 build\bsp\maple\libmaple\adc.o
 .ARM.attributes
                0x000001da       0x31 build\bsp\maple\libmaple\dac.o
 .ARM.attributes
                0x0000020b       0x31 build\bsp\maple\libmaple\dma.o
 .ARM.attributes
                0x0000023c       0x31 build\bsp\maple\libmaple\exti.o
 .ARM.attributes
                0x0000026d       0x31 build\bsp\maple\libmaple\flash.o
 .ARM.attributes
                0x0000029e       0x31 build\bsp\maple\libmaple\gpio.o
 .ARM.attributes
                0x000002cf       0x31 build\bsp\maple\libmaple\i2c.o
 .ARM.attributes
                0x00000300       0x31 build\bsp\maple\libmaple\iwdg.o
 .ARM.attributes
                0x00000331       0x31 build\bsp\maple\libmaple\nvic.o
 .ARM.attributes
                0x00000362       0x31 build\bsp\maple\libmaple\pwr.o
 .ARM.attributes
                0x00000393       0x31 build\bsp\maple\libmaple\rcc.o
 .ARM.attributes
                0x000003c4       0x31 build\bsp\maple\libmaple\spi.o
 .ARM.attributes
                0x000003f5       0x31 build\bsp\maple\libmaple\systick.o
 .ARM.attributes
                0x00000426       0x31 build\bsp\maple\libmaple\timer.o
 .ARM.attributes
                0x00000457       0x31 build\bsp\maple\libmaple\usart.o
 .ARM.attributes
                0x00000488       0x31 build\bsp\maple\libmaple\usart_private.o
 .ARM.attributes
                0x000004b9       0x31 build\bsp\maple\libmaple\util.o
 .ARM.attributes
                0x000004ea       0x31 build\bsp\maple\libmaple\stm32f1\adc.o
 .ARM.attributes
                0x0000051b       0x31 build\bsp\maple\libmaple\stm32f1\bkp.o
 .ARM.attributes
                0x0000054c       0x31 build\bsp\maple\libmaple\stm32f1\dma.o
 .ARM.attributes
                0x0000057d       0x31 build\bsp\maple\libmaple\stm32f1\exti.o
 .ARM.attributes
                0x000005ae       0x31 build\bsp\maple\libmaple\stm32f1\fsmc.o
 .ARM.attributes
                0x000005df       0x31 build\bsp\maple\libmaple\stm32f1\gpio.o
 .ARM.attributes
                0x00000610       0x31 build\bsp\maple\libmaple\stm32f1\i2c.o
 .ARM.attributes
                0x00000641       0x31 build\bsp\maple\libmaple\stm32f1\rcc.o
 .ARM.attributes
                0x00000672       0x31 build\bsp\maple\libmaple\stm32f1\spi.o
 .ARM.attributes
                0x000006a3       0x31 build\bsp\maple\libmaple\stm32f1\timer.o
 .ARM.attributes
                0x000006d4       0x31 build\bsp\maple\libmaple\stm32f1\usart.o
 .ARM.attributes
                0x00000705       0x31 build\bsp\maple\libmaple\usb\stm32f1\usb.o
 .ARM.attributes
                0x00000736       0x31 build\bsp\maple\libmaple\usb\stm32f1\usb_cdcacm.o
 .ARM.attributes
                0x00000767       0x31 build\bsp\maple\libmaple\usb\stm32f1\usb_reg_map.o
 .ARM.attributes
                0x00000798       0x31 build\bsp\maple\libmaple\usb\usb_lib\usb_core.o
 .ARM.attributes
                0x000007c9       0x31 build\bsp\maple\libmaple\usb\usb_lib\usb_init.o
 .ARM.attributes
                0x000007fa       0x31 build\bsp\maple\libmaple\usb\usb_lib\usb_mem.o
 .ARM.attributes
                0x0000082b       0x31 build\bsp\maple\libmaple\usb\usb_lib\usb_regs.o
 .ARM.attributes
                0x0000085c       0x31 build\bsp\maple\wirish\HardwareSPI.o
 .ARM.attributes
                0x0000088d       0x31 build\bsp\maple\wirish\HardwareSerial.o
 .ARM.attributes
                0x000008be       0x31 build\bsp\maple\wirish\HardwareTimer.o
 .ARM.attributes
                0x000008ef       0x31 build\bsp\maple\wirish\Print.o
 .ARM.attributes
                0x00000920       0x31 build\bsp\maple\wirish\boards.o
 .ARM.attributes
                0x00000951       0x31 build\bsp\maple\wirish\ext_interrupts.o
 .ARM.attributes
                0x00000982       0x31 build\bsp\maple\wirish\pwm.o
 .ARM.attributes
                0x000009b3       0x31 build\bsp\maple\wirish\usb_serial.o
 .ARM.attributes
                0x000009e4       0x31 build\bsp\maple\wirish\wirish_analog.o
 .ARM.attributes
                0x00000a15       0x31 build\bsp\maple\wirish\wirish_digital.o
 .ARM.attributes
                0x00000a46       0x31 build\bsp\maple\wirish\wirish_math.o
 .ARM.attributes
                0x00000a77       0x31 build\bsp\maple\wirish\wirish_shift.o
 .ARM.attributes
                0x00000aa8       0x31 build\bsp\maple\wirish\wirish_time.o
 .ARM.attributes
                0x00000ad9       0x31 maple\wirish\boards\wrtnode2\board.o
 .ARM.attributes
                0x00000b0a       0x31 build\bsp\maple\wirish\stm32f1\boards_setup.o
 .ARM.attributes
                0x00000b3b       0x31 build\bsp\maple\wirish\stm32f1\wirish_debug.o
 .ARM.attributes
                0x00000b6c       0x31 build\bsp\maple\wirish\stm32f1\wirish_digital.o
 .ARM.attributes
                0x00000b9d       0x31 build\bsp\maple\wirishC\HardwareSPI.o
 .ARM.attributes
                0x00000bce       0x31 build\bsp\maple\wirishC\HardwareSerial.o
 .ARM.attributes
                0x00000bff       0x31 build\bsp\maple\wirishC\HardwareTimer.o
 .ARM.attributes
                0x00000c30       0x31 build\kernel\src\clock.o
 .ARM.attributes
                0x00000c61       0x31 build\kernel\src\components.o
 .ARM.attributes
                0x00000c92       0x31 build\kernel\src\device.o
 .ARM.attributes
                0x00000cc3       0x31 build\kernel\src\idle.o
 .ARM.attributes
                0x00000cf4       0x31 build\kernel\src\ipc.o
 .ARM.attributes
                0x00000d25       0x31 build\kernel\src\irq.o
 .ARM.attributes
                0x00000d56       0x31 build\kernel\src\kservice.o
 .ARM.attributes
                0x00000d87       0x31 build\kernel\src\mem.o
 .ARM.attributes
                0x00000db8       0x31 build\kernel\src\mempool.o
 .ARM.attributes
                0x00000de9       0x31 build\kernel\src\object.o
 .ARM.attributes
                0x00000e1a       0x31 build\kernel\src\scheduler.o
 .ARM.attributes
                0x00000e4b       0x31 build\kernel\src\thread.o
 .ARM.attributes
                0x00000e7c       0x31 build\kernel\src\timer.o
 .ARM.attributes
                0x00000ead       0x31 build\kernel\libcpu\arm\cortex-m3\cpuport.o
 .ARM.attributes
                0x00000ede       0x21 build\kernel\libcpu\arm\cortex-m3\context_gcc.o
 .ARM.attributes
                0x00000eff       0x31 build\kernel\libcpu\arm\common\backtrace.o
 .ARM.attributes
                0x00000f30       0x31 build\kernel\libcpu\arm\common\div0.o
 .ARM.attributes
                0x00000f61       0x31 build\kernel\libcpu\arm\common\showmem.o
 .ARM.attributes
                0x00000f92       0x31 build\kernel\components\cplusplus\crt.o
 .ARM.attributes
                0x00000fc3       0x31 build\kernel\components\cplusplus\crt_init.o
 .ARM.attributes
                0x00000ff4       0x31 build\kernel\components\drivers\src\completion.o
 .ARM.attributes
                0x00001025       0x31 build\kernel\components\drivers\src\dataqueue.o
 .ARM.attributes
                0x00001056       0x31 build\kernel\components\drivers\src\pipe.o
 .ARM.attributes
                0x00001087       0x31 build\kernel\components\drivers\src\portal.o
 .ARM.attributes
                0x000010b8       0x31 build\kernel\components\drivers\src\ringbuffer.o
 .ARM.attributes
                0x000010e9       0x31 build\kernel\components\drivers\src\workqueue.o
 .ARM.attributes
                0x0000111a       0x31 build\kernel\components\finsh\shell.o
 .ARM.attributes
                0x0000114b       0x31 build\kernel\components\finsh\symbol.o
 .ARM.attributes
                0x0000117c       0x31 build\kernel\components\finsh\cmd.o
 .ARM.attributes
                0x000011ad       0x31 build\kernel\components\finsh\msh.o
 .ARM.attributes
                0x000011de       0x31 build\kernel\components\finsh\msh_cmd.o
 .ARM.attributes
                0x0000120f       0x31 build\kernel\components\finsh\msh_file.o
 .ARM.attributes
                0x00001240       0x31 build\kernel\components\libc\minilibc\ctype.o
 .ARM.attributes
                0x00001271       0x31 build\kernel\components\libc\minilibc\math.o
 .ARM.attributes
                0x000012a2       0x31 build\kernel\components\libc\minilibc\qsort.o
 .ARM.attributes
                0x000012d3       0x31 build\kernel\components\libc\minilibc\rand.o
 .ARM.attributes
                0x00001304       0x31 build\kernel\components\libc\minilibc\stdlib.o
 .ARM.attributes
                0x00001335       0x31 build\kernel\components\libc\minilibc\string.o
 .ARM.attributes
                0x00001366       0x31 build\kernel\components\libc\minilibc\time.o

.comment        0x00000000       0x2a
 *(.comment)
 .comment       0x00000000       0x2a build\bsp\applications\application.o
                                 0x2b (size before relaxing)
 .comment       0x00000000       0x2b build\bsp\applications\startup.o
 .comment       0x00000000       0x2b build\bsp\drivers\board.o
 .comment       0x00000000       0x2b build\bsp\drivers\platform.o
 .comment       0x00000000       0x2b build\bsp\drivers\spi_bridge.o
 .comment       0x00000000       0x2b build\bsp\drivers\Led16x16TM1640Driver.o
 .comment       0x00000000       0x2b build\bsp\Libraries\CMSIS\CM3\DeviceSupport\ST\STM32F10x\system_stm32f10x.o
 .comment       0x00000000       0x2b Libraries\CMSIS\CM3\CoreSupport\core_cm3.o
 .comment       0x00000000       0x2b build\bsp\maple\libmaple\adc.o
 .comment       0x00000000       0x2b build\bsp\maple\libmaple\dac.o
 .comment       0x00000000       0x2b build\bsp\maple\libmaple\dma.o
 .comment       0x00000000       0x2b build\bsp\maple\libmaple\exti.o
 .comment       0x00000000       0x2b build\bsp\maple\libmaple\flash.o
 .comment       0x00000000       0x2b build\bsp\maple\libmaple\gpio.o
 .comment       0x00000000       0x2b build\bsp\maple\libmaple\i2c.o
 .comment       0x00000000       0x2b build\bsp\maple\libmaple\iwdg.o
 .comment       0x00000000       0x2b build\bsp\maple\libmaple\nvic.o
 .comment       0x00000000       0x2b build\bsp\maple\libmaple\pwr.o
 .comment       0x00000000       0x2b build\bsp\maple\libmaple\rcc.o
 .comment       0x00000000       0x2b build\bsp\maple\libmaple\spi.o
 .comment       0x00000000       0x2b build\bsp\maple\libmaple\systick.o
 .comment       0x00000000       0x2b build\bsp\maple\libmaple\timer.o
 .comment       0x00000000       0x2b build\bsp\maple\libmaple\usart.o
 .comment       0x00000000       0x2b build\bsp\maple\libmaple\usart_private.o
 .comment       0x00000000       0x2b build\bsp\maple\libmaple\util.o
 .comment       0x00000000       0x2b build\bsp\maple\libmaple\stm32f1\adc.o
 .comment       0x00000000       0x2b build\bsp\maple\libmaple\stm32f1\bkp.o
 .comment       0x00000000       0x2b build\bsp\maple\libmaple\stm32f1\dma.o
 .comment       0x00000000       0x2b build\bsp\maple\libmaple\stm32f1\exti.o
 .comment       0x00000000       0x2b build\bsp\maple\libmaple\stm32f1\fsmc.o
 .comment       0x00000000       0x2b build\bsp\maple\libmaple\stm32f1\gpio.o
 .comment       0x00000000       0x2b build\bsp\maple\libmaple\stm32f1\i2c.o
 .comment       0x00000000       0x2b build\bsp\maple\libmaple\stm32f1\rcc.o
 .comment       0x00000000       0x2b build\bsp\maple\libmaple\stm32f1\spi.o
 .comment       0x00000000       0x2b build\bsp\maple\libmaple\stm32f1\timer.o
 .comment       0x00000000       0x2b build\bsp\maple\libmaple\stm32f1\usart.o
 .comment       0x00000000       0x2b build\bsp\maple\libmaple\usb\stm32f1\usb.o
 .comment       0x00000000       0x2b build\bsp\maple\libmaple\usb\stm32f1\usb_cdcacm.o
 .comment       0x00000000       0x2b build\bsp\maple\libmaple\usb\stm32f1\usb_reg_map.o
 .comment       0x00000000       0x2b build\bsp\maple\libmaple\usb\usb_lib\usb_core.o
 .comment       0x00000000       0x2b build\bsp\maple\libmaple\usb\usb_lib\usb_init.o
 .comment       0x00000000       0x2b build\bsp\maple\libmaple\usb\usb_lib\usb_mem.o
 .comment       0x00000000       0x2b build\bsp\maple\libmaple\usb\usb_lib\usb_regs.o
 .comment       0x00000000       0x2b build\bsp\maple\wirish\HardwareSPI.o
 .comment       0x00000000       0x2b build\bsp\maple\wirish\HardwareSerial.o
 .comment       0x00000000       0x2b build\bsp\maple\wirish\HardwareTimer.o
 .comment       0x00000000       0x2b build\bsp\maple\wirish\Print.o
 .comment       0x00000000       0x2b build\bsp\maple\wirish\boards.o
 .comment       0x00000000       0x2b build\bsp\maple\wirish\ext_interrupts.o
 .comment       0x00000000       0x2b build\bsp\maple\wirish\pwm.o
 .comment       0x00000000       0x2b build\bsp\maple\wirish\usb_serial.o
 .comment       0x00000000       0x2b build\bsp\maple\wirish\wirish_analog.o
 .comment       0x00000000       0x2b build\bsp\maple\wirish\wirish_digital.o
 .comment       0x00000000       0x2b build\bsp\maple\wirish\wirish_math.o
 .comment       0x00000000       0x2b build\bsp\maple\wirish\wirish_shift.o
 .comment       0x00000000       0x2b build\bsp\maple\wirish\wirish_time.o
 .comment       0x00000000       0x2b maple\wirish\boards\wrtnode2\board.o
 .comment       0x00000000       0x2b build\bsp\maple\wirish\stm32f1\boards_setup.o
 .comment       0x00000000       0x2b build\bsp\maple\wirish\stm32f1\wirish_debug.o
 .comment       0x00000000       0x2b build\bsp\maple\wirish\stm32f1\wirish_digital.o
 .comment       0x00000000       0x2b build\bsp\maple\wirishC\HardwareSPI.o
 .comment       0x00000000       0x2b build\bsp\maple\wirishC\HardwareSerial.o
 .comment       0x00000000       0x2b build\bsp\maple\wirishC\HardwareTimer.o
 .comment       0x00000000       0x2b build\kernel\src\clock.o
 .comment       0x00000000       0x2b build\kernel\src\components.o
 .comment       0x00000000       0x2b build\kernel\src\device.o
 .comment       0x00000000       0x2b build\kernel\src\idle.o
 .comment       0x00000000       0x2b build\kernel\src\ipc.o
 .comment       0x00000000       0x2b build\kernel\src\irq.o
 .comment       0x00000000       0x2b build\kernel\src\kservice.o
 .comment       0x00000000       0x2b build\kernel\src\mem.o
 .comment       0x00000000       0x2b build\kernel\src\mempool.o
 .comment       0x00000000       0x2b build\kernel\src\object.o
 .comment       0x00000000       0x2b build\kernel\src\scheduler.o
 .comment       0x00000000       0x2b build\kernel\src\thread.o
 .comment       0x00000000       0x2b build\kernel\src\timer.o
 .comment       0x00000000       0x2b build\kernel\libcpu\arm\cortex-m3\cpuport.o
 .comment       0x00000000       0x2b build\kernel\libcpu\arm\common\backtrace.o
 .comment       0x00000000       0x2b build\kernel\libcpu\arm\common\div0.o
 .comment       0x00000000       0x2b build\kernel\libcpu\arm\common\showmem.o
 .comment       0x00000000       0x2b build\kernel\components\cplusplus\crt.o
 .comment       0x00000000       0x2b build\kernel\components\cplusplus\crt_init.o
 .comment       0x00000000       0x2b build\kernel\components\drivers\src\completion.o
 .comment       0x00000000       0x2b build\kernel\components\drivers\src\dataqueue.o
 .comment       0x00000000       0x2b build\kernel\components\drivers\src\pipe.o
 .comment       0x00000000       0x2b build\kernel\components\drivers\src\portal.o
 .comment       0x00000000       0x2b build\kernel\components\drivers\src\ringbuffer.o
 .comment       0x00000000       0x2b build\kernel\components\drivers\src\workqueue.o
 .comment       0x00000000       0x2b build\kernel\components\finsh\shell.o
 .comment       0x00000000       0x2b build\kernel\components\finsh\symbol.o
 .comment       0x00000000       0x2b build\kernel\components\finsh\cmd.o